Archive member included to satisfy reference by file (symbol)

c:/st/stm32cubeide_1.6.0/stm32cubeide/plugins/com.st.stm32cube.ide.mcu.externaltools.gnu-tools-for-stm32.9-2020-q2-update.win32_1.5.0.202011040924/tools/bin/../lib/gcc/arm-none-eabi/9.3.1/../../../../arm-none-eabi/lib/thumb/v7-m/nofp\libc_nano.a(lib_a-errno.o)
                              src/bsp/syscalls.o (__errno)
c:/st/stm32cubeide_1.6.0/stm32cubeide/plugins/com.st.stm32cube.ide.mcu.externaltools.gnu-tools-for-stm32.9-2020-q2-update.win32_1.5.0.202011040924/tools/bin/../lib/gcc/arm-none-eabi/9.3.1/../../../../arm-none-eabi/lib/thumb/v7-m/nofp\libc_nano.a(lib_a-exit.o)
                              c:/st/stm32cubeide_1.6.0/stm32cubeide/plugins/com.st.stm32cube.ide.mcu.externaltools.gnu-tools-for-stm32.9-2020-q2-update.win32_1.5.0.202011040924/tools/bin/../lib/gcc/arm-none-eabi/9.3.1/../../../../arm-none-eabi/lib/thumb/v7-m/nofp/crt0.o (exit)
c:/st/stm32cubeide_1.6.0/stm32cubeide/plugins/com.st.stm32cube.ide.mcu.externaltools.gnu-tools-for-stm32.9-2020-q2-update.win32_1.5.0.202011040924/tools/bin/../lib/gcc/arm-none-eabi/9.3.1/../../../../arm-none-eabi/lib/thumb/v7-m/nofp\libc_nano.a(lib_a-impure.o)
                              c:/st/stm32cubeide_1.6.0/stm32cubeide/plugins/com.st.stm32cube.ide.mcu.externaltools.gnu-tools-for-stm32.9-2020-q2-update.win32_1.5.0.202011040924/tools/bin/../lib/gcc/arm-none-eabi/9.3.1/../../../../arm-none-eabi/lib/thumb/v7-m/nofp\libc_nano.a(lib_a-exit.o) (_global_impure_ptr)
c:/st/stm32cubeide_1.6.0/stm32cubeide/plugins/com.st.stm32cube.ide.mcu.externaltools.gnu-tools-for-stm32.9-2020-q2-update.win32_1.5.0.202011040924/tools/bin/../lib/gcc/arm-none-eabi/9.3.1/../../../../arm-none-eabi/lib/thumb/v7-m/nofp\libc_nano.a(lib_a-init.o)
                              c:/st/stm32cubeide_1.6.0/stm32cubeide/plugins/com.st.stm32cube.ide.mcu.externaltools.gnu-tools-for-stm32.9-2020-q2-update.win32_1.5.0.202011040924/tools/bin/../lib/gcc/arm-none-eabi/9.3.1/../../../../arm-none-eabi/lib/thumb/v7-m/nofp/crt0.o (__libc_init_array)
c:/st/stm32cubeide_1.6.0/stm32cubeide/plugins/com.st.stm32cube.ide.mcu.externaltools.gnu-tools-for-stm32.9-2020-q2-update.win32_1.5.0.202011040924/tools/bin/../lib/gcc/arm-none-eabi/9.3.1/../../../../arm-none-eabi/lib/thumb/v7-m/nofp\libc_nano.a(lib_a-memset.o)
                              c:/st/stm32cubeide_1.6.0/stm32cubeide/plugins/com.st.stm32cube.ide.mcu.externaltools.gnu-tools-for-stm32.9-2020-q2-update.win32_1.5.0.202011040924/tools/bin/../lib/gcc/arm-none-eabi/9.3.1/../../../../arm-none-eabi/lib/thumb/v7-m/nofp/crt0.o (memset)
c:/st/stm32cubeide_1.6.0/stm32cubeide/plugins/com.st.stm32cube.ide.mcu.externaltools.gnu-tools-for-stm32.9-2020-q2-update.win32_1.5.0.202011040924/tools/bin/../lib/gcc/arm-none-eabi/9.3.1/../../../../arm-none-eabi/lib/thumb/v7-m/nofp\libc_nano.a(lib_a-vsnprintf.o)
                              src/hw/driver/uart.o (vsnprintf)
c:/st/stm32cubeide_1.6.0/stm32cubeide/plugins/com.st.stm32cube.ide.mcu.externaltools.gnu-tools-for-stm32.9-2020-q2-update.win32_1.5.0.202011040924/tools/bin/../lib/gcc/arm-none-eabi/9.3.1/../../../../arm-none-eabi/lib/thumb/v7-m/nofp\libc_nano.a(lib_a-nano-svfprintf.o)
                              c:/st/stm32cubeide_1.6.0/stm32cubeide/plugins/com.st.stm32cube.ide.mcu.externaltools.gnu-tools-for-stm32.9-2020-q2-update.win32_1.5.0.202011040924/tools/bin/../lib/gcc/arm-none-eabi/9.3.1/../../../../arm-none-eabi/lib/thumb/v7-m/nofp\libc_nano.a(lib_a-vsnprintf.o) (_svfprintf_r)
c:/st/stm32cubeide_1.6.0/stm32cubeide/plugins/com.st.stm32cube.ide.mcu.externaltools.gnu-tools-for-stm32.9-2020-q2-update.win32_1.5.0.202011040924/tools/bin/../lib/gcc/arm-none-eabi/9.3.1/../../../../arm-none-eabi/lib/thumb/v7-m/nofp\libc_nano.a(lib_a-nano-vfprintf_i.o)
                              c:/st/stm32cubeide_1.6.0/stm32cubeide/plugins/com.st.stm32cube.ide.mcu.externaltools.gnu-tools-for-stm32.9-2020-q2-update.win32_1.5.0.202011040924/tools/bin/../lib/gcc/arm-none-eabi/9.3.1/../../../../arm-none-eabi/lib/thumb/v7-m/nofp\libc_nano.a(lib_a-nano-svfprintf.o) (_printf_i)
c:/st/stm32cubeide_1.6.0/stm32cubeide/plugins/com.st.stm32cube.ide.mcu.externaltools.gnu-tools-for-stm32.9-2020-q2-update.win32_1.5.0.202011040924/tools/bin/../lib/gcc/arm-none-eabi/9.3.1/../../../../arm-none-eabi/lib/thumb/v7-m/nofp\libc_nano.a(lib_a-memchr-stub.o)
                              c:/st/stm32cubeide_1.6.0/stm32cubeide/plugins/com.st.stm32cube.ide.mcu.externaltools.gnu-tools-for-stm32.9-2020-q2-update.win32_1.5.0.202011040924/tools/bin/../lib/gcc/arm-none-eabi/9.3.1/../../../../arm-none-eabi/lib/thumb/v7-m/nofp\libc_nano.a(lib_a-nano-svfprintf.o) (memchr)
c:/st/stm32cubeide_1.6.0/stm32cubeide/plugins/com.st.stm32cube.ide.mcu.externaltools.gnu-tools-for-stm32.9-2020-q2-update.win32_1.5.0.202011040924/tools/bin/../lib/gcc/arm-none-eabi/9.3.1/../../../../arm-none-eabi/lib/thumb/v7-m/nofp\libc_nano.a(lib_a-memcpy-stub.o)
[...]
Memory Configuration

Name             Origin             Length             Attributes
RAM              0x0000000020000000 0x0000000000005000 xrw
FLASH            0x0000000008000000 0x0000000000010000 xr
*default*        0x0000000000000000 0xffffffffffffffff

Linker script and memory map

LOAD c:/st/stm32cubeide_1.6.0/stm32cubeide/plugins/com.st.stm32cube.ide.mcu.externaltools.gnu-tools-for-stm32.9-2020-q2-update.win32_1.5.0.202011040924/tools/bin/../lib/gcc/arm-none-eabi/9.3.1/thumb/v7-m/nofp/crti.o
LOAD c:/st/stm32cubeide_1.6.0/stm32cubeide/plugins/com.st.stm32cube.ide.mcu.externaltools.gnu-tools-for-stm32.9-2020-q2-update.win32_1.5.0.202011040924/tools/bin/../lib/gcc/arm-none-eabi/9.3.1/thumb/v7-m/nofp/crtbegin.o
LOAD c:/st/stm32cubeide_1.6.0/stm32cubeide/plugins/com.st.stm32cube.ide.mcu.externaltools.gnu-tools-for-stm32.9-2020-q2-update.win32_1.5.0.202011040924/tools/bin/../lib/gcc/arm-none-eabi/9.3.1/../../../../arm-none-eabi/lib/thumb/v7-m/nofp/crt0.o
LOAD src/ap/ap.o
LOAD src/bsp/bsp.o
LOAD src/bsp/stm32f1xx_hal_msp.o
LOAD src/bsp/stm32f1xx_it.o
LOAD src/bsp/syscalls.o
LOAD src/bsp/sysmem.o
LOAD src/bsp/system_stm32f1xx.o
LOAD src/bsp/startup/startup_stm32f103c8tx.o
LOAD src/common/core/qbuffer.o
LOAD src/hw/driver/dfplayer.o
LOAD src/hw/driver/gpio.o
LOAD src/hw/driver/led.o
LOAD src/hw/driver/uart.o
LOAD src/hw/hw.o
LOAD src/lib/cub_f1013c8/Drivers/STM32F1xx_HAL_Driver/Src/stm32f1xx_hal.o
LOAD src/lib/cub_f1013c8/Drivers/STM32F1xx_HAL_Driver/Src/stm32f1xx_hal_cortex.o
LOAD src/lib/cub_f1013c8/Drivers/STM32F1xx_HAL_Driver/Src/stm32f1xx_hal_dma.o
LOAD src/lib/cub_f1013c8/Drivers/STM32F1xx_HAL_Driver/Src/stm32f1xx_hal_exti.o
LOAD src/lib/cub_f1013c8/Drivers/STM32F1xx_HAL_Driver/Src/stm32f1xx_hal_flash.o
LOAD src/lib/cub_f1013c8/Drivers/STM32F1xx_HAL_Driver/Src/stm32f1xx_hal_flash_ex.o
LOAD src/lib/cub_f1013c8/Drivers/STM32F1xx_HAL_Driver/Src/stm32f1xx_hal_gpio.o
LOAD src/lib/cub_f1013c8/Drivers/STM32F1xx_HAL_Driver/Src/stm32f1xx_hal_gpio_ex.o
LOAD src/lib/cub_f1013c8/Drivers/STM32F1xx_HAL_Driver/Src/stm32f1xx_hal_pwr.o
LOAD src/lib/cub_f1013c8/Drivers/STM32F1xx_HAL_Driver/Src/stm32f1xx_hal_rcc.o
LOAD src/lib/cub_f1013c8/Drivers/STM32F1xx_HAL_Driver/Src/stm32f1xx_hal_rcc_ex.o
LOAD src/lib/cub_f1013c8/Drivers/STM32F1xx_HAL_Driver/Src/stm32f1xx_hal_tim.o
LOAD src/lib/cub_f1013c8/Drivers/STM32F1xx_HAL_Driver/Src/stm32f1xx_hal_tim_ex.o
LOAD src/lib/cub_f1013c8/Drivers/STM32F1xx_HAL_Driver/Src/stm32f1xx_hal_uart.o
LOAD src/main.o
START GROUP
LOAD c:/st/stm32cubeide_1.6.0/stm32cubeide/plugins/com.st.stm32cube.ide.mcu.externaltools.gnu-tools-for-stm32.9-2020-q2-update.win32_1.5.0.202011040924/tools/bin/../lib/gcc/arm-none-eabi/9.3.1/../../../../arm-none-eabi/lib/thumb/v7-m/nofp\libc_nano.a
LOAD c:/st/stm32cubeide_1.6.0/stm32cubeide/plugins/com.st.stm32cube.ide.mcu.externaltools.gnu-tools-for-stm32.9-2020-q2-update.win32_1.5.0.202011040924/tools/bin/../lib/gcc/arm-none-eabi/9.3.1/../../../../arm-none-eabi/lib/thumb/v7-m/nofp\libm.a
END GROUP
START GROUP
LOAD c:/st/stm32cubeide_1.6.0/stm32cubeide/plugins/com.st.stm32cube.ide.mcu.externaltools.gnu-tools-for-stm32.9-2020-q2-update.win32_1.5.0.202011040924/tools/bin/../lib/gcc/arm-none-eabi/9.3.1/thumb/v7-m/nofp\libgcc.a
LOAD c:/st/stm32cubeide_1.6.0/stm32cubeide/plugins/com.st.stm32cube.ide.mcu.externaltools.gnu-tools-for-stm32.9-2020-q2-update.win32_1.5.0.202011040924/tools/bin/../lib/gcc/arm-none-eabi/9.3.1/../../../../arm-none-eabi/lib/thumb/v7-m/nofp\libc_nano.a
END GROUP
START GROUP
LOAD c:/st/stm32cubeide_1.6.0/stm32cubeide/plugins/com.st.stm32cube.ide.mcu.externaltools.gnu-tools-for-stm32.9-2020-q2-update.win32_1.5.0.202011040924/tools/bin/../lib/gcc/arm-none-eabi/9.3.1/thumb/v7-m/nofp\libgcc.a
LOAD c:/st/stm32cubeide_1.6.0/stm32cubeide/plugins/com.st.stm32cube.ide.mcu.externaltools.gnu-tools-for-stm32.9-2020-q2-update.win32_1.5.0.202011040924/tools/bin/../lib/gcc/arm-none-eabi/9.3.1/../../../../arm-none-eabi/lib/thumb/v7-m/nofp\libc_nano.a
LOAD c:/st/stm32cubeide_1.6.0/stm32cubeide/plugins/com.st.stm32cube.ide.mcu.externaltools.gnu-tools-for-stm32.9-2020-q2-update.win32_1.5.0.202011040924/tools/bin/../lib/gcc/arm-none-eabi/9.3.1/../../../../arm-none-eabi/lib/thumb/v7-m/nofp\libnosys.a
END GROUP
START GROUP
LOAD c:/st/stm32cubeide_1.6.0/stm32cubeide/plugins/com.st.stm32cube.ide.mcu.externaltools.gnu-tools-for-stm32.9-2020-q2-update.win32_1.5.0.202011040924/tools/bin/../lib/gcc/arm-none-eabi/9.3.1/thumb/v7-m/nofp\libgcc.a
LOAD c:/st/stm32cubeide_1.6.0/stm32cubeide/plugins/com.st.stm32cube.ide.mcu.externaltools.gnu-tools-for-stm32.9-2020-q2-update.win32_1.5.0.202011040924/tools/bin/../lib/gcc/arm-none-eabi/9.3.1/../../../../arm-none-eabi/lib/thumb/v7-m/nofp\libc_nano.a
LOAD c:/st/stm32cubeide_1.6.0/stm32cubeide/plugins/com.st.stm32cube.ide.mcu.externaltools.gnu-tools-for-stm32.9-2020-q2-update.win32_1.5.0.202011040924/tools/bin/../lib/gcc/arm-none-eabi/9.3.1/../../../../arm-none-eabi/lib/thumb/v7-m/nofp\libnosys.a
END GROUP
LOAD c:/st/stm32cubeide_1.6.0/stm32cubeide/plugins/com.st.stm32cube.ide.mcu.externaltools.gnu-tools-for-stm32.9-2020-q2-update.win32_1.5.0.202011040924/tools/bin/../lib/gcc/arm-none-eabi/9.3.1/thumb/v7-m/nofp/crtend.o
LOAD c:/st/stm32cubeide_1.6.0/stm32cubeide/plugins/com.st.stm32cube.ide.mcu.externaltools.gnu-tools-for-stm32.9-2020-q2-update.win32_1.5.0.202011040924/tools/bin/../lib/gcc/arm-none-eabi/9.3.1/thumb/v7-m/nofp/crtn.o
                0x0000000020005000                _estack = (ORIGIN (RAM) + LENGTH (RAM))
                0x0000000000000200                _Min_Heap_Size = 0x200
                0x0000000000000400                _Min_Stack_Size = 0x400

.isr_vector     0x0000000008000000      0x10c
                0x0000000008000000                . = ALIGN (0x4)
 *(.isr_vector)
 .isr_vector    0x0000000008000000      0x10c src/bsp/startup/startup_stm32f103c8tx.o
                0x0000000008000000                g_pfnVectors
                0x000000000800010c                . = ALIGN (0x4)

.text           0x000000000800010c     0x3e98
                0x000000000800010c                . = ALIGN (0x4)
 *(.text)
 .text          0x000000000800010c       0x40 c:/st/stm32cubeide_1.6.0/stm32cubeide/plugins/com.st.stm32cube.ide.mcu.externaltools.gnu-tools-for-stm32.9-2020-q2-update.win32_1.5.0.202011040924/tools/bin/../lib/gcc/arm-none-eabi/9.3.1/thumb/v7-m/nofp/crtbegin.o
 *(.text*)
 .text.apInit   0x000000000800014c       0x1c src/ap/ap.o
                0x000000000800014c                apInit
 .text.apDFPlayerTest
                0x0000000008000168      0x184 src/ap/ap.o
                0x0000000008000168                apDFPlayerTest
 .text.bspInit  0x00000000080002ec       0x7c src/bsp/bsp.o
                0x00000000080002ec                bspInit
 .text.delay_ms
                0x0000000008000368       0x16 src/bsp/bsp.o
                0x0000000008000368                delay_ms
 .text.millis   0x000000000800037e        0xe src/bsp/bsp.o
                0x000000000800037e                millis
 .text.SystemClock_Config
                0x000000000800038c       0x8a src/bsp/bsp.o
                0x000000000800038c                SystemClock_Config
 .text.Error_Handler
                0x0000000008000416        0xa src/bsp/bsp.o
                0x0000000008000416                Error_Handler
 .text.HAL_MspInit
                0x0000000008000420       0x64 src/bsp/stm32f1xx_hal_msp.o
                0x0000000008000420                HAL_MspInit
 .text.NMI_Handler
                0x0000000008000484        0x6 src/bsp/stm32f1xx_it.o
                0x0000000008000484                NMI_Handler
 .text.HardFault_Handler
                0x000000000800048a        0x6 src/bsp/stm32f1xx_it.o
                0x000000000800048a                HardFault_Handler
 .text.MemManage_Handler
                0x0000000008000490        0x6 src/bsp/stm32f1xx_it.o
                0x0000000008000490                MemManage_Handler
 .text.BusFault_Handler
                0x0000000008000496        0x6 src/bsp/stm32f1xx_it.o
                0x0000000008000496                BusFault_Handler
 .text.UsageFault_Handler
                0x000000000800049c        0x6 src/bsp/stm32f1xx_it.o
                0x000000000800049c                UsageFault_Handler
 .text.SVC_Handler
                0x00000000080004a2        0xc src/bsp/stm32f1xx_it.o
                0x00000000080004a2                SVC_Handler
 .text.DebugMon_Handler
                0x00000000080004ae        0xc src/bsp/stm32f1xx_it.o
                0x00000000080004ae                DebugMon_Handler
 .text.PendSV_Handler
                0x00000000080004ba        0xc src/bsp/stm32f1xx_it.o
                0x00000000080004ba                PendSV_Handler
 .text.SysTick_Handler
                0x00000000080004c6        0xc src/bsp/stm32f1xx_it.o
                0x00000000080004c6                SysTick_Handler
 *fill*         0x00000000080004d2        0x2 
 .text.DMA1_Channel4_IRQHandler
                0x00000000080004d4       0x14 src/bsp/stm32f1xx_it.o
                0x00000000080004d4                DMA1_Channel4_IRQHandler
 .text.DMA1_Channel5_IRQHandler
                0x00000000080004e8       0x14 src/bsp/stm32f1xx_it.o
                0x00000000080004e8                DMA1_Channel5_IRQHandler
 .text.DMA1_Channel6_IRQHandler
                0x00000000080004fc       0x14 src/bsp/stm32f1xx_it.o
                0x00000000080004fc                DMA1_Channel6_IRQHandler
 .text.DMA1_Channel7_IRQHandler
                0x0000000008000510       0x14 src/bsp/stm32f1xx_it.o
                0x0000000008000510                DMA1_Channel7_IRQHandler
 .text.USART1_IRQHandler
                0x0000000008000524       0x14 src/bsp/stm32f1xx_it.o
                0x0000000008000524                USART1_IRQHandler
 .text.USART2_IRQHandler
                0x0000000008000538       0x14 src/bsp/stm32f1xx_it.o
                0x0000000008000538                USART2_IRQHandler
 .text._sbrk    0x000000000800054c       0x6c src/bsp/sysmem.o
                0x000000000800054c                _sbrk
 .text.SystemInit
                0x00000000080005b8        0xc src/bsp/system_stm32f1xx.o
                0x00000000080005b8                SystemInit
 .text.Reset_Handler
                0x00000000080005c4       0x48 src/bsp/startup/startup_stm32f103c8tx.o
                0x00000000080005c4                Reset_Handler
 .text.Default_Handler
                0x000000000800060c        0x2 src/bsp/startup/startup_stm32f103c8tx.o
                0x000000000800060c                RTC_Alarm_IRQHandler
                0x000000000800060c                EXTI2_IRQHandler
                0x000000000800060c                TIM1_CC_IRQHandler
                0x000000000800060c                PVD_IRQHandler
                0x000000000800060c                EXTI3_IRQHandler
                0x000000000800060c                EXTI0_IRQHandler
                0x000000000800060c                I2C2_EV_IRQHandler
                0x000000000800060c                ADC1_2_IRQHandler
                0x000000000800060c                SPI1_IRQHandler
                0x000000000800060c                TAMPER_IRQHandler
                0x000000000800060c                USART3_IRQHandler
                0x000000000800060c                RTC_IRQHandler
                0x000000000800060c                CAN1_RX1_IRQHandler
                0x000000000800060c                TIM4_IRQHandler
                0x000000000800060c                I2C1_EV_IRQHandler
                0x000000000800060c                TIM3_IRQHandler
                0x000000000800060c                RCC_IRQHandler
                0x000000000800060c                TIM1_TRG_COM_IRQHandler
                0x000000000800060c                DMA1_Channel1_IRQHandler
                0x000000000800060c                Default_Handler
                0x000000000800060c                EXTI15_10_IRQHandler
                0x000000000800060c                EXTI9_5_IRQHandler
                0x000000000800060c                SPI2_IRQHandler
                0x000000000800060c                EXTI4_IRQHandler
                0x000000000800060c                USB_LP_CAN1_RX0_IRQHandler
                0x000000000800060c                USB_HP_CAN1_TX_IRQHandler
                0x000000000800060c                DMA1_Channel3_IRQHandler
                0x000000000800060c                TIM1_UP_IRQHandler
                0x000000000800060c                WWDG_IRQHandler
                0x000000000800060c                TIM2_IRQHandler
                0x000000000800060c                TIM1_BRK_IRQHandler
                0x000000000800060c                EXTI1_IRQHandler
                0x000000000800060c                I2C2_ER_IRQHandler
                0x000000000800060c                DMA1_Channel2_IRQHandler
                0x000000000800060c                CAN1_SCE_IRQHandler
                0x000000000800060c                FLASH_IRQHandler
                0x000000000800060c                I2C1_ER_IRQHandler
                0x000000000800060c                USBWakeUp_IRQHandler
 .text.qbufferCreate
                0x000000000800060e       0x34 src/common/core/qbuffer.o
                0x000000000800060e                qbufferCreate
 .text.qbufferRead
                0x0000000008000642       0x78 src/common/core/qbuffer.o
                0x0000000008000642                qbufferRead
 .text.qbufferAvailable
                0x00000000080006ba       0x2e src/common/core/qbuffer.o
                0x00000000080006ba                qbufferAvailable
 .text.dfplayer_SendControlMessage
                0x00000000080006e8       0x90 src/hw/driver/dfplayer.o
 .text.dfplayer_Checksum
                0x0000000008000778       0x44 src/hw/driver/dfplayer.o
 .text.dfplayer_Init
                0x00000000080007bc       0x10 src/hw/driver/dfplayer.o
                0x00000000080007bc                dfplayer_Init
 .text.dfplayer_Next
                0x00000000080007cc       0x12 src/hw/driver/dfplayer.o
                0x00000000080007cc                dfplayer_Next
 .text.dfplayer_Previous
                0x00000000080007de       0x12 src/hw/driver/dfplayer.o
                0x00000000080007de                dfplayer_Previous
 .text.dfplayer_IncreaseVolume
                0x00000000080007f0       0x12 src/hw/driver/dfplayer.o
                0x00000000080007f0                dfplayer_IncreaseVolume
 .text.dfplayer_DecreaseVolume
                0x0000000008000802       0x12 src/hw/driver/dfplayer.o
                0x0000000008000802                dfplayer_DecreaseVolume
 .text.dfplayer_SetVolume
                0x0000000008000814       0x28 src/hw/driver/dfplayer.o
                0x0000000008000814                dfplayer_SetVolume
 .text.dfplayer_SetEQ
                0x000000000800083c       0x2a src/hw/driver/dfplayer.o
                0x000000000800083c                dfplayer_SetEQ
 .text.dfplayer_SetSource
                0x0000000008000866       0x26 src/hw/driver/dfplayer.o
                0x0000000008000866                dfplayer_SetSource
 .text.dfplayer_Play
                0x000000000800088c       0x12 src/hw/driver/dfplayer.o
                0x000000000800088c                dfplayer_Play
 .text.dfplayer_Pause
                0x000000000800089e       0x12 src/hw/driver/dfplayer.o
                0x000000000800089e                dfplayer_Pause
 .text.dfplayer_InsertAdvertisement
                0x00000000080008b0       0x26 src/hw/driver/dfplayer.o
                0x00000000080008b0                dfplayer_InsertAdvertisement
 .text.dfplayer_Play3KFolder
                0x00000000080008d6       0x44 src/hw/driver/dfplayer.o
                0x00000000080008d6                dfplayer_Play3KFolder
 .text.dfplayer_StopAdvertisement
                0x000000000800091a       0x12 src/hw/driver/dfplayer.o
                0x000000000800091a                dfplayer_StopAdvertisement
 .text.dfplayer_Stop
                0x000000000800092c       0x12 src/hw/driver/dfplayer.o
                0x000000000800092c                dfplayer_Stop
 .text.dfplayer_RepeatTrackInFolder
                0x000000000800093e       0x28 src/hw/driver/dfplayer.o
                0x000000000800093e                dfplayer_RepeatTrackInFolder
 *fill*         0x0000000008000966        0x2 
 .text.gpioInit
                0x0000000008000968       0x64 src/hw/driver/gpio.o
                0x0000000008000968                gpioInit
 .text.gpioPinMode
                0x00000000080009cc       0xd0 src/hw/driver/gpio.o
                0x00000000080009cc                gpioPinMode
 .text.gpioPinWrite
                0x0000000008000a9c       0xa0 src/hw/driver/gpio.o
                0x0000000008000a9c                gpioPinWrite
 .text.ledInit  0x0000000008000b3c       0x6c src/hw/driver/led.o
                0x0000000008000b3c                ledInit
 .text.ledOff   0x0000000008000ba8       0x40 src/hw/driver/led.o
                0x0000000008000ba8                ledOff
 .text.uartInit
                0x0000000008000be8       0x34 src/hw/driver/uart.o
                0x0000000008000be8                uartInit
 .text.uartOpen
                0x0000000008000c1c      0x228 src/hw/driver/uart.o
                0x0000000008000c1c                uartOpen
 .text.uartAvailable
                0x0000000008000e44       0x90 src/hw/driver/uart.o
                0x0000000008000e44                uartAvailable
 .text.uartRead
                0x0000000008000ed4       0x48 src/hw/driver/uart.o
                0x0000000008000ed4                uartRead
 .text.uartWrite
                0x0000000008000f1c      0x104 src/hw/driver/uart.o
                0x0000000008000f1c                uartWrite
 .text.uartPrintf
                0x0000000008001020       0x5c src/hw/driver/uart.o
                0x0000000008001020                uartPrintf
 .text.HAL_UART_ErrorCallback
                0x000000000800107c       0x12 src/hw/driver/uart.o
                0x000000000800107c                HAL_UART_ErrorCallback
 .text.HAL_UART_RxCpltCallback
                0x000000000800108e       0x12 src/hw/driver/uart.o
                0x000000000800108e                HAL_UART_RxCpltCallback
 .text.HAL_UART_TxCpltCallback
                0x00000000080010a0       0x12 src/hw/driver/uart.o
                0x00000000080010a0                HAL_UART_TxCpltCallback
 *fill*         0x00000000080010b2        0x2 
 .text.HAL_UART_MspInit
                0x00000000080010b4      0x264 src/hw/driver/uart.o
                0x00000000080010b4                HAL_UART_MspInit
 .text.HAL_UART_MspDeInit
                0x0000000008001318       0x94 src/hw/driver/uart.o
                0x0000000008001318                HAL_UART_MspDeInit
 .text.hwInit   0x00000000080013ac       0x1c src/hw/hw.o
                0x00000000080013ac                hwInit
 .text.HAL_Init
                0x00000000080013c8       0x2c src/lib/cub_f1013c8/Drivers/STM32F1xx_HAL_Driver/Src/stm32f1xx_hal.o
                0x00000000080013c8                HAL_Init
 .text.HAL_InitTick
                0x00000000080013f4       0x60 src/lib/cub_f1013c8/Drivers/STM32F1xx_HAL_Driver/Src/stm32f1xx_hal.o
                0x00000000080013f4                HAL_InitTick
 .text.HAL_IncTick
                0x0000000008001454       0x24 src/lib/cub_f1013c8/Drivers/STM32F1xx_HAL_Driver/Src/stm32f1xx_hal.o
                0x0000000008001454                HAL_IncTick
 .text.HAL_GetTick
                0x0000000008001478       0x14 src/lib/cub_f1013c8/Drivers/STM32F1xx_HAL_Driver/Src/stm32f1xx_hal.o
                0x0000000008001478                HAL_GetTick
 .text.HAL_Delay
                0x000000000800148c       0x48 src/lib/cub_f1013c8/Drivers/STM32F1xx_HAL_Driver/Src/stm32f1xx_hal.o
                0x000000000800148c                HAL_Delay
 .text.__NVIC_SetPriorityGrouping
                0x00000000080014d4       0x48 src/lib/cub_f1013c8/Drivers/STM32F1xx_HAL_Driver/Src/stm32f1xx_hal_cortex.o
 .text.__NVIC_GetPriorityGrouping
                0x000000000800151c       0x1c src/lib/cub_f1013c8/Drivers/STM32F1xx_HAL_Driver/Src/stm32f1xx_hal_cortex.o
 .text.__NVIC_EnableIRQ
                0x0000000008001538       0x38 src/lib/cub_f1013c8/Drivers/STM32F1xx_HAL_Driver/Src/stm32f1xx_hal_cortex.o
 .text.__NVIC_DisableIRQ
                0x0000000008001570       0x48 src/lib/cub_f1013c8/Drivers/STM32F1xx_HAL_Driver/Src/stm32f1xx_hal_cortex.o
 .text.__NVIC_SetPriority
                0x00000000080015b8       0x54 src/lib/cub_f1013c8/Drivers/STM32F1xx_HAL_Driver/Src/stm32f1xx_hal_cortex.o
 .text.NVIC_EncodePriority
                0x000000000800160c       0x64 src/lib/cub_f1013c8/Drivers/STM32F1xx_HAL_Driver/Src/stm32f1xx_hal_cortex.o
 .text.SysTick_Config
                0x0000000008001670       0x44 src/lib/cub_f1013c8/Drivers/STM32F1xx_HAL_Driver/Src/stm32f1xx_hal_cortex.o
 .text.HAL_NVIC_SetPriorityGrouping
                0x00000000080016b4       0x16 src/lib/cub_f1013c8/Drivers/STM32F1xx_HAL_Driver/Src/stm32f1xx_hal_cortex.o
                0x00000000080016b4                HAL_NVIC_SetPriorityGrouping
 .text.HAL_NVIC_SetPriority
                0x00000000080016ca       0x38 src/lib/cub_f1013c8/Drivers/STM32F1xx_HAL_Driver/Src/stm32f1xx_hal_cortex.o
                0x00000000080016ca                HAL_NVIC_SetPriority
 .text.HAL_NVIC_EnableIRQ
                0x0000000008001702       0x1c src/lib/cub_f1013c8/Drivers/STM32F1xx_HAL_Driver/Src/stm32f1xx_hal_cortex.o
                0x0000000008001702                HAL_NVIC_EnableIRQ
 .text.HAL_NVIC_DisableIRQ
                0x000000000800171e       0x1c src/lib/cub_f1013c8/Drivers/STM32F1xx_HAL_Driver/Src/stm32f1xx_hal_cortex.o
                0x000000000800171e                HAL_NVIC_DisableIRQ
 .text.HAL_SYSTICK_Config
                0x000000000800173a       0x18 src/lib/cub_f1013c8/Drivers/STM32F1xx_HAL_Driver/Src/stm32f1xx_hal_cortex.o
                0x000000000800173a                HAL_SYSTICK_Config
 *fill*         0x0000000008001752        0x2 
 .text.HAL_DMA_Init
                0x0000000008001754       0xb4 src/lib/cub_f1013c8/Drivers/STM32F1xx_HAL_Driver/Src/stm32f1xx_hal_dma.o
                0x0000000008001754                HAL_DMA_Init
 .text.HAL_DMA_DeInit
                0x0000000008001808       0xb8 src/lib/cub_f1013c8/Drivers/STM32F1xx_HAL_Driver/Src/stm32f1xx_hal_dma.o
                0x0000000008001808                HAL_DMA_DeInit
 .text.HAL_DMA_Start_IT
                0x00000000080018c0       0xbe src/lib/cub_f1013c8/Drivers/STM32F1xx_HAL_Driver/Src/stm32f1xx_hal_dma.o
                0x00000000080018c0                HAL_DMA_Start_IT
 .text.HAL_DMA_Abort
                0x000000000800197e       0x74 src/lib/cub_f1013c8/Drivers/STM32F1xx_HAL_Driver/Src/stm32f1xx_hal_dma.o
                0x000000000800197e                HAL_DMA_Abort
 *fill*         0x00000000080019f2        0x2 
 .text.HAL_DMA_Abort_IT
                0x00000000080019f4       0xec src/lib/cub_f1013c8/Drivers/STM32F1xx_HAL_Driver/Src/stm32f1xx_hal_dma.o
                0x00000000080019f4                HAL_DMA_Abort_IT
 .text.HAL_DMA_IRQHandler
                0x0000000008001ae0      0x20c src/lib/cub_f1013c8/Drivers/STM32F1xx_HAL_Driver/Src/stm32f1xx_hal_dma.o
                0x0000000008001ae0                HAL_DMA_IRQHandler
 .text.DMA_SetConfig
                0x0000000008001cec       0x5a src/lib/cub_f1013c8/Drivers/STM32F1xx_HAL_Driver/Src/stm32f1xx_hal_dma.o
 *fill*         0x0000000008001d46        0x2 
 .text.HAL_GPIO_Init
                0x0000000008001d48      0x308 src/lib/cub_f1013c8/Drivers/STM32F1xx_HAL_Driver/Src/stm32f1xx_hal_gpio.o
                0x0000000008001d48                HAL_GPIO_Init
 .text.HAL_GPIO_DeInit
                0x0000000008002050      0x178 src/lib/cub_f1013c8/Drivers/STM32F1xx_HAL_Driver/Src/stm32f1xx_hal_gpio.o
                0x0000000008002050                HAL_GPIO_DeInit
 .text.HAL_GPIO_WritePin
                0x00000000080021c8       0x30 src/lib/cub_f1013c8/Drivers/STM32F1xx_HAL_Driver/Src/stm32f1xx_hal_gpio.o
                0x00000000080021c8                HAL_GPIO_WritePin
 .text.HAL_RCC_OscConfig
                0x00000000080021f8      0x500 src/lib/cub_f1013c8/Drivers/STM32F1xx_HAL_Driver/Src/stm32f1xx_hal_rcc.o
                0x00000000080021f8                HAL_RCC_OscConfig
 .text.HAL_RCC_ClockConfig
                0x00000000080026f8      0x1d4 src/lib/cub_f1013c8/Drivers/STM32F1xx_HAL_Driver/Src/stm32f1xx_hal_rcc.o
                0x00000000080026f8                HAL_RCC_ClockConfig
 .text.HAL_RCC_GetSysClockFreq
                0x00000000080028cc       0xc0 src/lib/cub_f1013c8/Drivers/STM32F1xx_HAL_Driver/Src/stm32f1xx_hal_rcc.o
                0x00000000080028cc                HAL_RCC_GetSysClockFreq
 .text.HAL_RCC_GetHCLKFreq
                0x000000000800298c       0x14 src/lib/cub_f1013c8/Drivers/STM32F1xx_HAL_Driver/Src/stm32f1xx_hal_rcc.o
                0x000000000800298c                HAL_RCC_GetHCLKFreq
 .text.HAL_RCC_GetPCLK1Freq
                0x00000000080029a0       0x28 src/lib/cub_f1013c8/Drivers/STM32F1xx_HAL_Driver/Src/stm32f1xx_hal_rcc.o
                0x00000000080029a0                HAL_RCC_GetPCLK1Freq
 .text.HAL_RCC_GetPCLK2Freq
                0x00000000080029c8       0x28 src/lib/cub_f1013c8/Drivers/STM32F1xx_HAL_Driver/Src/stm32f1xx_hal_rcc.o
                0x00000000080029c8                HAL_RCC_GetPCLK2Freq
 .text.RCC_Delay
                0x00000000080029f0       0x3c src/lib/cub_f1013c8/Drivers/STM32F1xx_HAL_Driver/Src/stm32f1xx_hal_rcc.o
 .text.HAL_UART_Init
                0x0000000008002a2c       0x9a src/lib/cub_f1013c8/Drivers/STM32F1xx_HAL_Driver/Src/stm32f1xx_hal_uart.o
                0x0000000008002a2c                HAL_UART_Init
 .text.HAL_UART_DeInit
                0x0000000008002ac6       0x5e src/lib/cub_f1013c8/Drivers/STM32F1xx_HAL_Driver/Src/stm32f1xx_hal_uart.o
                0x0000000008002ac6                HAL_UART_DeInit
 .text.HAL_UART_Transmit_DMA
                0x0000000008002b24       0xd8 src/lib/cub_f1013c8/Drivers/STM32F1xx_HAL_Driver/Src/stm32f1xx_hal_uart.o
                0x0000000008002b24                HAL_UART_Transmit_DMA
 .text.HAL_UART_Receive_DMA
                0x0000000008002bfc       0x60 src/lib/cub_f1013c8/Drivers/STM32F1xx_HAL_Driver/Src/stm32f1xx_hal_uart.o
                0x0000000008002bfc                HAL_UART_Receive_DMA
 .text.HAL_UART_IRQHandler
                0x0000000008002c5c      0x354 src/lib/cub_f1013c8/Drivers/STM32F1xx_HAL_Driver/Src/stm32f1xx_hal_uart.o
                0x0000000008002c5c                HAL_UART_IRQHandler
 .text.HAL_UART_TxHalfCpltCallback
                0x0000000008002fb0       0x12 src/lib/cub_f1013c8/Drivers/STM32F1xx_HAL_Driver/Src/stm32f1xx_hal_uart.o
                0x0000000008002fb0                HAL_UART_TxHalfCpltCallback
 .text.HAL_UART_RxHalfCpltCallback
                0x0000000008002fc2       0x12 src/lib/cub_f1013c8/Drivers/STM32F1xx_HAL_Driver/Src/stm32f1xx_hal_uart.o
                0x0000000008002fc2                HAL_UART_RxHalfCpltCallback
 .text.HAL_UARTEx_RxEventCallback
                0x0000000008002fd4       0x16 src/lib/cub_f1013c8/Drivers/STM32F1xx_HAL_Driver/Src/stm32f1xx_hal_uart.o
                0x0000000008002fd4                HAL_UARTEx_RxEventCallback
 .text.UART_DMATransmitCplt
                0x0000000008002fea       0x52 src/lib/cub_f1013c8/Drivers/STM32F1xx_HAL_Driver/Src/stm32f1xx_hal_uart.o
 .text.UART_DMATxHalfCplt
                0x000000000800303c       0x1c src/lib/cub_f1013c8/Drivers/STM32F1xx_HAL_Driver/Src/stm32f1xx_hal_uart.o
 .text.UART_DMAReceiveCplt
                0x0000000008003058       0x96 src/lib/cub_f1013c8/Drivers/STM32F1xx_HAL_Driver/Src/stm32f1xx_hal_uart.o
 .text.UART_DMARxHalfCplt
                0x00000000080030ee       0x36 src/lib/cub_f1013c8/Drivers/STM32F1xx_HAL_Driver/Src/stm32f1xx_hal_uart.o
 .text.UART_DMAError
                0x0000000008003124       0x94 src/lib/cub_f1013c8/Drivers/STM32F1xx_HAL_Driver/Src/stm32f1xx_hal_uart.o
 .text.UART_Start_Receive_DMA
                0x00000000080031b8       0xc8 src/lib/cub_f1013c8/Drivers/STM32F1xx_HAL_Driver/Src/stm32f1xx_hal_uart.o
                0x00000000080031b8                UART_Start_Receive_DMA
 .text.UART_EndTxTransfer
                0x0000000008003280       0x2a src/lib/cub_f1013c8/Drivers/STM32F1xx_HAL_Driver/Src/stm32f1xx_hal_uart.o
 .text.UART_EndRxTransfer
                0x00000000080032aa       0x58 src/lib/cub_f1013c8/Drivers/STM32F1xx_HAL_Driver/Src/stm32f1xx_hal_uart.o
 .text.UART_DMAAbortOnError
                0x0000000008003302       0x28 src/lib/cub_f1013c8/Drivers/STM32F1xx_HAL_Driver/Src/stm32f1xx_hal_uart.o
 .text.UART_Transmit_IT
                0x000000000800332a       0x9e src/lib/cub_f1013c8/Drivers/STM32F1xx_HAL_Driver/Src/stm32f1xx_hal_uart.o
 .text.UART_EndTransmit_IT
                0x00000000080033c8       0x30 src/lib/cub_f1013c8/Drivers/STM32F1xx_HAL_Driver/Src/stm32f1xx_hal_uart.o
 .text.UART_Receive_IT
                0x00000000080033f8      0x152 src/lib/cub_f1013c8/Drivers/STM32F1xx_HAL_Driver/Src/stm32f1xx_hal_uart.o
 *fill*         0x000000000800354a        0x2 
 .text.UART_SetConfig
                0x000000000800354c      0x11c src/lib/cub_f1013c8/Drivers/STM32F1xx_HAL_Driver/Src/stm32f1xx_hal_uart.o
 .text.main     0x0000000008003668       0x16 src/main.o
                0x0000000008003668                main
 *fill*         0x000000000800367e        0x2 
 .text.__errno  0x0000000008003680        0xc c:/st/stm32cubeide_1.6.0/stm32cubeide/plugins/com.st.stm32cube.ide.mcu.externaltools.gnu-tools-for-stm32.9-2020-q2-update.win32_1.5.0.202011040924/tools/bin/../lib/gcc/arm-none-eabi/9.3.1/../../../../arm-none-eabi/lib/thumb/v7-m/nofp\libc_nano.a(lib_a-errno.o)
                0x0000000008003680                __errno
 .text.__libc_init_array
                0x000000000800368c       0x48 c:/st/stm32cubeide_1.6.0/stm32cubeide/plugins/com.st.stm32cube.ide.mcu.externaltools.gnu-tools-for-stm32.9-2020-q2-update.win32_1.5.0.202011040924/tools/bin/../lib/gcc/arm-none-eabi/9.3.1/../../../../arm-none-eabi/lib/thumb/v7-m/nofp\libc_nano.a(lib_a-init.o)
                0x000000000800368c                __libc_init_array
 .text.memset   0x00000000080036d4       0x10 c:/st/stm32cubeide_1.6.0/stm32cubeide/plugins/com.st.stm32cube.ide.mcu.externaltools.gnu-tools-for-stm32.9-2020-q2-update.win32_1.5.0.202011040924/tools/bin/../lib/gcc/arm-none-eabi/9.3.1/../../../../arm-none-eabi/lib/thumb/v7-m/nofp\libc_nano.a(lib_a-memset.o)
                0x00000000080036d4                memset
 .text._vsnprintf_r
                0x00000000080036e4       0x58 c:/st/stm32cubeide_1.6.0/stm32cubeide/plugins/com.st.stm32cube.ide.mcu.externaltools.gnu-tools-for-stm32.9-2020-q2-update.win32_1.5.0.202011040924/tools/bin/../lib/gcc/arm-none-eabi/9.3.1/../../../../arm-none-eabi/lib/thumb/v7-m/nofp\libc_nano.a(lib_a-vsnprintf.o)
                0x00000000080036e4                _vsniprintf_r
                0x00000000080036e4                _vsnprintf_r
 .text.vsnprintf
                0x000000000800373c       0x1c c:/st/stm32cubeide_1.6.0/stm32cubeide/plugins/com.st.stm32cube.ide.mcu.externaltools.gnu-tools-for-stm32.9-2020-q2-update.win32_1.5.0.202011040924/tools/bin/../lib/gcc/arm-none-eabi/9.3.1/../../../../arm-none-eabi/lib/thumb/v7-m/nofp\libc_nano.a(lib_a-vsnprintf.o)
                0x000000000800373c                vsniprintf
                0x000000000800373c                vsnprintf
 .text.__ssputs_r
                0x0000000008003758       0xb6 c:/st/stm32cubeide_1.6.0/stm32cubeide/plugins/com.st.stm32cube.ide.mcu.externaltools.gnu-tools-for-stm32.9-2020-q2-update.win32_1.5.0.202011040924/tools/bin/../lib/gcc/arm-none-eabi/9.3.1/../../../../arm-none-eabi/lib/thumb/v7-m/nofp\libc_nano.a(lib_a-nano-svfprintf.o)
                0x0000000008003758                __ssputs_r
 *fill*         0x000000000800380e        0x2 
 .text._svfprintf_r
                0x0000000008003810      0x200 c:/st/stm32cubeide_1.6.0/stm32cubeide/plugins/com.st.stm32cube.ide.mcu.externaltools.gnu-tools-for-stm32.9-2020-q2-update.win32_1.5.0.202011040924/tools/bin/../lib/gcc/arm-none-eabi/9.3.1/../../../../arm-none-eabi/lib/thumb/v7-m/nofp\libc_nano.a(lib_a-nano-svfprintf.o)
                0x0000000008003810                _svfiprintf_r
                0x0000000008003810                _svfprintf_r
 .text._printf_common
                0x0000000008003a10       0xde c:/st/stm32cubeide_1.6.0/stm32cubeide/plugins/com.st.stm32cube.ide.mcu.externaltools.gnu-tools-for-stm32.9-2020-q2-update.win32_1.5.0.202011040924/tools/bin/../lib/gcc/arm-none-eabi/9.3.1/../../../../arm-none-eabi/lib/thumb/v7-m/nofp\libc_nano.a(lib_a-nano-vfprintf_i.o)
                0x0000000008003a10                _printf_common
 *fill*         0x0000000008003aee        0x2 
 .text._printf_i
                0x0000000008003af0      0x24c c:/st/stm32cubeide_1.6.0/stm32cubeide/plugins/com.st.stm32cube.ide.mcu.externaltools.gnu-tools-for-stm32.9-2020-q2-update.win32_1.5.0.202011040924/tools/bin/../lib/gcc/arm-none-eabi/9.3.1/../../../../arm-none-eabi/lib/thumb/v7-m/nofp\libc_nano.a(lib_a-nano-vfprintf_i.o)
                0x0000000008003af0                _printf_i
 .text.memchr   0x0000000008003d3c       0x1c c:/st/stm32cubeide_1.6.0/stm32cubeide/plugins/com.st.stm32cube.ide.mcu.externaltools.gnu-tools-for-stm32.9-2020-q2-update.win32_1.5.0.202011040924/tools/bin/../lib/gcc/arm-none-eabi/9.3.1/../../../../arm-none-eabi/lib/thumb/v7-m/nofp\libc_nano.a(lib_a-memchr-stub.o)
                0x0000000008003d3c                memchr
 .text.memcpy   0x0000000008003d58       0x1c c:/st/stm32cubeide_1.6.0/stm32cubeide/plugins/com.st.stm32cube.ide.mcu.externaltools.gnu-tools-for-stm32.9-2020-q2-update.win32_1.5.0.202011040924/tools/bin/../lib/gcc/arm-none-eabi/9.3.1/../../../../arm-none-eabi/lib/thumb/v7-m/nofp\libc_nano.a(lib_a-memcpy-stub.o)
                0x0000000008003d58                memcpy
 .text.memmove  0x0000000008003d74       0x34 c:/st/stm32cubeide_1.6.0/stm32cubeide/plugins/com.st.stm32cube.ide.mcu.externaltools.gnu-tools-for-stm32.9-2020-q2-update.win32_1.5.0.202011040924/tools/bin/../lib/gcc/arm-none-eabi/9.3.1/../../../../arm-none-eabi/lib/thumb/v7-m/nofp\libc_nano.a(lib_a-memmove.o)
                0x0000000008003d74                memmove
 .text._free_r  0x0000000008003da8       0x98 c:/st/stm32cubeide_1.6.0/stm32cubeide/plugins/com.st.stm32cube.ide.mcu.externaltools.gnu-tools-for-stm32.9-2020-q2-update.win32_1.5.0.202011040924/tools/bin/../lib/gcc/arm-none-eabi/9.3.1/../../../../arm-none-eabi/lib/thumb/v7-m/nofp\libc_nano.a(lib_a-nano-freer.o)
                0x0000000008003da8                _free_r
 .text._malloc_r
                0x0000000008003e40       0xb4 c:/st/stm32cubeide_1.6.0/stm32cubeide/plugins/com.st.stm32cube.ide.mcu.externaltools.gnu-tools-for-stm32.9-2020-q2-update.win32_1.5.0.202011040924/tools/bin/../lib/gcc/arm-none-eabi/9.3.1/../../../../arm-none-eabi/lib/thumb/v7-m/nofp\libc_nano.a(lib_a-nano-mallocr.o)
                0x0000000008003e40                _malloc_r
 .text._realloc_r
                0x0000000008003ef4       0x4c c:/st/stm32cubeide_1.6.0/stm32cubeide/plugins/com.st.stm32cube.ide.mcu.externaltools.gnu-tools-for-stm32.9-2020-q2-update.win32_1.5.0.202011040924/tools/bin/../lib/gcc/arm-none-eabi/9.3.1/../../../../arm-none-eabi/lib/thumb/v7-m/nofp\libc_nano.a(lib_a-nano-reallocr.o)
                0x0000000008003ef4                _realloc_r
 .text._sbrk_r  0x0000000008003f40       0x20 c:/st/stm32cubeide_1.6.0/stm32cubeide/plugins/com.st.stm32cube.ide.mcu.externaltools.gnu-tools-for-stm32.9-2020-q2-update.win32_1.5.0.202011040924/tools/bin/../lib/gcc/arm-none-eabi/9.3.1/../../../../arm-none-eabi/lib/thumb/v7-m/nofp\libc_nano.a(lib_a-sbrkr.o)
                0x0000000008003f40                _sbrk_r
 .text.__malloc_lock
                0x0000000008003f60        0xc c:/st/stm32cubeide_1.6.0/stm32cubeide/plugins/com.st.stm32cube.ide.mcu.externaltools.gnu-tools-for-stm32.9-2020-q2-update.win32_1.5.0.202011040924/tools/bin/../lib/gcc/arm-none-eabi/9.3.1/../../../../arm-none-eabi/lib/thumb/v7-m/nofp\libc_nano.a(lib_a-mlock.o)
                0x0000000008003f60                __malloc_lock
 .text.__malloc_unlock
                0x0000000008003f6c        0xc c:/st/stm32cubeide_1.6.0/stm32cubeide/plugins/com.st.stm32cube.ide.mcu.externaltools.gnu-tools-for-stm32.9-2020-q2-update.win32_1.5.0.202011040924/tools/bin/../lib/gcc/arm-none-eabi/9.3.1/../../../../arm-none-eabi/lib/thumb/v7-m/nofp\libc_nano.a(lib_a-mlock.o)
                0x0000000008003f6c                __malloc_unlock
 .text._malloc_usable_size_r
                0x0000000008003f78       0x10 c:/st/stm32cubeide_1.6.0/stm32cubeide/plugins/com.st.stm32cube.ide.mcu.externaltools.gnu-tools-for-stm32.9-2020-q2-update.win32_1.5.0.202011040924/tools/bin/../lib/gcc/arm-none-eabi/9.3.1/../../../../arm-none-eabi/lib/thumb/v7-m/nofp\libc_nano.a(lib_a-nano-msizer.o)
                0x0000000008003f78                _malloc_usable_size_r
 .text.__retarget_lock_acquire_recursive
                0x0000000008003f88        0x2 c:/st/stm32cubeide_1.6.0/stm32cubeide/plugins/com.st.stm32cube.ide.mcu.externaltools.gnu-tools-for-stm32.9-2020-q2-update.win32_1.5.0.202011040924/tools/bin/../lib/gcc/arm-none-eabi/9.3.1/../../../../arm-none-eabi/lib/thumb/v7-m/nofp\libc_nano.a(lib_a-lock.o)
                0x0000000008003f88                __retarget_lock_acquire_recursive
 .text.__retarget_lock_release_recursive
                0x0000000008003f8a        0x2 c:/st/stm32cubeide_1.6.0/stm32cubeide/plugins/com.st.stm32cube.ide.mcu.externaltools.gnu-tools-for-stm32.9-2020-q2-update.win32_1.5.0.202011040924/tools/bin/../lib/gcc/arm-none-eabi/9.3.1/../../../../arm-none-eabi/lib/thumb/v7-m/nofp\libc_nano.a(lib_a-lock.o)
                0x0000000008003f8a                __retarget_lock_release_recursive
 *(.glue_7)
 .glue_7        0x0000000008003f8c        0x0 linker stubs
 *(.glue_7t)
 .glue_7t       0x0000000008003f8c        0x0 linker stubs
 *(.eh_frame)
 .eh_frame      0x0000000008003f8c        0x0 c:/st/stm32cubeide_1.6.0/stm32cubeide/plugins/com.st.stm32cube.ide.mcu.externaltools.gnu-tools-for-stm32.9-2020-q2-update.win32_1.5.0.202011040924/tools/bin/../lib/gcc/arm-none-eabi/9.3.1/thumb/v7-m/nofp/crtbegin.o
 *(.init)
 .init          0x0000000008003f8c        0x4 c:/st/stm32cubeide_1.6.0/stm32cubeide/plugins/com.st.stm32cube.ide.mcu.externaltools.gnu-tools-for-stm32.9-2020-q2-update.win32_1.5.0.202011040924/tools/bin/../lib/gcc/arm-none-eabi/9.3.1/thumb/v7-m/nofp/crti.o
                0x0000000008003f8c                _init
 .init          0x0000000008003f90        0x8 c:/st/stm32cubeide_1.6.0/stm32cubeide/plugins/com.st.stm32cube.ide.mcu.externaltools.gnu-tools-for-stm32.9-2020-q2-update.win32_1.5.0.202011040924/tools/bin/../lib/gcc/arm-none-eabi/9.3.1/thumb/v7-m/nofp/crtn.o
 *(.fini)
 .fini          0x0000000008003f98        0x4 c:/st/stm32cubeide_1.6.0/stm32cubeide/plugins/com.st.stm32cube.ide.mcu.externaltools.gnu-tools-for-stm32.9-2020-q2-update.win32_1.5.0.202011040924/tools/bin/../lib/gcc/arm-none-eabi/9.3.1/thumb/v7-m/nofp/crti.o
                0x0000000008003f98                _fini
 .fini          0x0000000008003f9c        0x8 c:/st/stm32cubeide_1.6.0/stm32cubeide/plugins/com.st.stm32cube.ide.mcu.externaltools.gnu-tools-for-stm32.9-2020-q2-update.win32_1.5.0.202011040924/tools/bin/../lib/gcc/arm-none-eabi/9.3.1/thumb/v7-m/nofp/crtn.o
                0x0000000008003fa4                . = ALIGN (0x4)
                0x0000000008003fa4                _etext = .

.vfp11_veneer   0x0000000008003fa4        0x0
 .vfp11_veneer  0x0000000008003fa4        0x0 linker stubs

.v4_bx          0x0000000008003fa4        0x0
 .v4_bx         0x0000000008003fa4        0x0 linker stubs

.iplt           0x0000000008003fa4        0x0
 .iplt          0x0000000008003fa4        0x0 c:/st/stm32cubeide_1.6.0/stm32cubeide/plugins/com.st.stm32cube.ide.mcu.externaltools.gnu-tools-for-stm32.9-2020-q2-update.win32_1.5.0.202011040924/tools/bin/../lib/gcc/arm-none-eabi/9.3.1/thumb/v7-m/nofp/crtbegin.o

.rodata         0x0000000008003fa4      0x124
                0x0000000008003fa4                . = ALIGN (0x4)
 *(.rodata)
 .rodata        0x0000000008003fa4       0xc6 src/ap/ap.o
 *fill*         0x000000000800406a        0x2 
 .rodata        0x000000000800406c       0x10 src/lib/cub_f1013c8/Drivers/STM32F1xx_HAL_Driver/Src/stm32f1xx_hal_rcc.o
 *(.rodata*)
 .rodata.AHBPrescTable
                0x000000000800407c       0x10 src/bsp/system_stm32f1xx.o
                0x000000000800407c                AHBPrescTable
 .rodata.APBPrescTable
                0x000000000800408c        0x8 src/bsp/system_stm32f1xx.o
                0x000000000800408c                APBPrescTable
 .rodata._svfprintf_r.str1.1
                0x0000000008004094       0x11 c:/st/stm32cubeide_1.6.0/stm32cubeide/plugins/com.st.stm32cube.ide.mcu.externaltools.gnu-tools-for-stm32.9-2020-q2-update.win32_1.5.0.202011040924/tools/bin/../lib/gcc/arm-none-eabi/9.3.1/../../../../arm-none-eabi/lib/thumb/v7-m/nofp\libc_nano.a(lib_a-nano-svfprintf.o)
 .rodata._printf_i.str1.1
                0x00000000080040a5       0x22 c:/st/stm32cubeide_1.6.0/stm32cubeide/plugins/com.st.stm32cube.ide.mcu.externaltools.gnu-tools-for-stm32.9-2020-q2-update.win32_1.5.0.202011040924/tools/bin/../lib/gcc/arm-none-eabi/9.3.1/../../../../arm-none-eabi/lib/thumb/v7-m/nofp\libc_nano.a(lib_a-nano-vfprintf_i.o)
                0x00000000080040c8                . = ALIGN (0x4)
 *fill*         0x00000000080040c7        0x1 

.rel.dyn        0x00000000080040c8        0x0
 .rel.iplt      0x00000000080040c8        0x0 c:/st/stm32cubeide_1.6.0/stm32cubeide/plugins/com.st.stm32cube.ide.mcu.externaltools.gnu-tools-for-stm32.9-2020-q2-update.win32_1.5.0.202011040924/tools/bin/../lib/gcc/arm-none-eabi/9.3.1/thumb/v7-m/nofp/crtbegin.o

.ARM.extab      0x00000000080040c8        0x0
                0x00000000080040c8                . = ALIGN (0x4)
 *(.ARM.extab* .gnu.linkonce.armextab.*)
                0x00000000080040c8                . = ALIGN (0x4)

.ARM            0x00000000080040c8        0x0
                0x00000000080040c8                . = ALIGN (0x4)
                0x00000000080040c8                __exidx_start = .
 *(.ARM.exidx*)
                0x00000000080040c8                __exidx_end = .
                0x00000000080040c8                . = ALIGN (0x4)

.preinit_array  0x00000000080040c8        0x0
                0x00000000080040c8                . = ALIGN (0x4)
                0x00000000080040c8                PROVIDE (__preinit_array_start = .)
 *(.preinit_array*)
                0x00000000080040c8                PROVIDE (__preinit_array_end = .)
                0x00000000080040c8                . = ALIGN (0x4)

.init_array     0x00000000080040c8        0x4
                0x00000000080040c8                . = ALIGN (0x4)
                0x00000000080040c8                PROVIDE (__init_array_start = .)
 *(SORT_BY_NAME(.init_array.*))
 *(.init_array*)
 .init_array    0x00000000080040c8        0x4 c:/st/stm32cubeide_1.6.0/stm32cubeide/plugins/com.st.stm32cube.ide.mcu.externaltools.gnu-tools-for-stm32.9-2020-q2-update.win32_1.5.0.202011040924/tools/bin/../lib/gcc/arm-none-eabi/9.3.1/thumb/v7-m/nofp/crtbegin.o
                0x00000000080040cc                PROVIDE (__init_array_end = .)
                0x00000000080040cc                . = ALIGN (0x4)

.fini_array     0x00000000080040cc        0x4
                0x00000000080040cc                . = ALIGN (0x4)
                [!provide]                        PROVIDE (__fini_array_start = .)
 *(SORT_BY_NAME(.fini_array.*))
 *(.fini_array*)
 .fini_array    0x00000000080040cc        0x4 c:/st/stm32cubeide_1.6.0/stm32cubeide/plugins/com.st.stm32cube.ide.mcu.externaltools.gnu-tools-for-stm32.9-2020-q2-update.win32_1.5.0.202011040924/tools/bin/../lib/gcc/arm-none-eabi/9.3.1/thumb/v7-m/nofp/crtbegin.o
                [!provide]                        PROVIDE (__fini_array_end = .)
                0x00000000080040d0                . = ALIGN (0x4)
                0x00000000080040d0                _sidata = LOADADDR (.data)

.data           0x0000000020000000       0x84 load address 0x00000000080040d0
                0x0000000020000000                . = ALIGN (0x4)
                0x0000000020000000                _sdata = .
 *(.data)
 *(.data*)
 .data.SystemCoreClock
                0x0000000020000000        0x4 src/bsp/system_stm32f1xx.o
                0x0000000020000000                SystemCoreClock
 .data.gpio_tbl
                0x0000000020000004        0xc src/hw/driver/gpio.o
                0x0000000020000004                gpio_tbl
 .data.led_tbl  0x0000000020000010        0x8 src/hw/driver/led.o
                0x0000000020000010                led_tbl
 .data.uwTickPrio
                0x0000000020000018        0x4 src/lib/cub_f1013c8/Drivers/STM32F1xx_HAL_Driver/Src/stm32f1xx_hal.o
                0x0000000020000018                uwTickPrio
 .data.uwTickFreq
                0x000000002000001c        0x1 src/lib/cub_f1013c8/Drivers/STM32F1xx_HAL_Driver/Src/stm32f1xx_hal.o
                0x000000002000001c                uwTickFreq
 *fill*         0x000000002000001d        0x3 
 .data._impure_ptr
                0x0000000020000020        0x4 c:/st/stm32cubeide_1.6.0/stm32cubeide/plugins/com.st.stm32cube.ide.mcu.externaltools.gnu-tools-for-stm32.9-2020-q2-update.win32_1.5.0.202011040924/tools/bin/../lib/gcc/arm-none-eabi/9.3.1/../../../../arm-none-eabi/lib/thumb/v7-m/nofp\libc_nano.a(lib_a-impure.o)
                0x0000000020000020                _impure_ptr
 .data.impure_data
                0x0000000020000024       0x60 c:/st/stm32cubeide_1.6.0/stm32cubeide/plugins/com.st.stm32cube.ide.mcu.externaltools.gnu-tools-for-stm32.9-2020-q2-update.win32_1.5.0.202011040924/tools/bin/../lib/gcc/arm-none-eabi/9.3.1/../../../../arm-none-eabi/lib/thumb/v7-m/nofp\libc_nano.a(lib_a-impure.o)
 *(.RamFunc)
 *(.RamFunc*)
                0x0000000020000084                . = ALIGN (0x4)
                0x0000000020000084                _edata = .

.igot.plt       0x0000000020000084        0x0 load address 0x0000000008004154
 .igot.plt      0x0000000020000084        0x0 c:/st/stm32cubeide_1.6.0/stm32cubeide/plugins/com.st.stm32cube.ide.mcu.externaltools.gnu-tools-for-stm32.9-2020-q2-update.win32_1.5.0.202011040924/tools/bin/../lib/gcc/arm-none-eabi/9.3.1/thumb/v7-m/nofp/crtbegin.o
                0x0000000020000084                . = ALIGN (0x4)

.bss            0x0000000020000084      0x404 load address 0x0000000008004154
                0x0000000020000084                _sbss = .
                0x0000000020000084                __bss_start__ = _sbss
 *(.bss)
 .bss           0x0000000020000084       0x1c c:/st/stm32cubeide_1.6.0/stm32cubeide/plugins/com.st.stm32cube.ide.mcu.externaltools.gnu-tools-for-stm32.9-2020-q2-update.win32_1.5.0.202011040924/tools/bin/../lib/gcc/arm-none-eabi/9.3.1/thumb/v7-m/nofp/crtbegin.o
 *(.bss*)
 .bss.__sbrk_heap_end
                0x00000000200000a0        0x4 src/bsp/sysmem.o
 .bss.tx_buf    0x00000000200000a4        0xa src/hw/driver/dfplayer.o
 *fill*         0x00000000200000ae        0x2 
 .bss.is_open   0x00000000200000b0        0x2 src/hw/driver/uart.o
 *fill*         0x00000000200000b2        0x2 
 .bss.qbuffer   0x00000000200000b4       0x20 src/hw/driver/uart.o
 .bss.rx_buf    0x00000000200000d4      0x100 src/hw/driver/uart.o
 .bss.tx_buf    0x00000000200001d4      0x100 src/hw/driver/uart.o
 .bss.__malloc_free_list
                0x00000000200002d4        0x4 c:/st/stm32cubeide_1.6.0/stm32cubeide/plugins/com.st.stm32cube.ide.mcu.externaltools.gnu-tools-for-stm32.9-2020-q2-update.win32_1.5.0.202011040924/tools/bin/../lib/gcc/arm-none-eabi/9.3.1/../../../../arm-none-eabi/lib/thumb/v7-m/nofp\libc_nano.a(lib_a-nano-mallocr.o)
                0x00000000200002d4                __malloc_free_list
 .bss.__malloc_sbrk_start
                0x00000000200002d8        0x4 c:/st/stm32cubeide_1.6.0/stm32cubeide/plugins/com.st.stm32cube.ide.mcu.externaltools.gnu-tools-for-stm32.9-2020-q2-update.win32_1.5.0.202011040924/tools/bin/../lib/gcc/arm-none-eabi/9.3.1/../../../../arm-none-eabi/lib/thumb/v7-m/nofp\libc_nano.a(lib_a-nano-mallocr.o)
                0x00000000200002d8                __malloc_sbrk_start
 *(COMMON)
 COMMON         0x00000000200002dc      0x198 src/hw/driver/uart.o
                0x00000000200002dc                hdma_usart2_rx
                0x0000000020000320                hdma_usart1_tx
                0x0000000020000364                hdma_usart1_rx
                0x00000000200003a8                hdma_usart2_tx
                0x00000000200003ec                huart1
                0x0000000020000430                huart2
 COMMON         0x0000000020000474        0x4 src/lib/cub_f1013c8/Drivers/STM32F1xx_HAL_Driver/Src/stm32f1xx_hal.o
                0x0000000020000474                uwTick
 COMMON         0x0000000020000478        0x4 c:/st/stm32cubeide_1.6.0/stm32cubeide/plugins/com.st.stm32cube.ide.mcu.externaltools.gnu-tools-for-stm32.9-2020-q2-update.win32_1.5.0.202011040924/tools/bin/../lib/gcc/arm-none-eabi/9.3.1/../../../../arm-none-eabi/lib/thumb/v7-m/nofp\libc_nano.a(lib_a-reent.o)
                0x0000000020000478                errno
 COMMON         0x000000002000047c        0x9 c:/st/stm32cubeide_1.6.0/stm32cubeide/plugins/com.st.stm32cube.ide.mcu.externaltools.gnu-tools-for-stm32.9-2020-q2-update.win32_1.5.0.202011040924/tools/bin/../lib/gcc/arm-none-eabi/9.3.1/../../../../arm-none-eabi/lib/thumb/v7-m/nofp\libc_nano.a(lib_a-lock.o)
                0x000000002000047c                __lock___atexit_recursive_mutex
                0x000000002000047d                __lock___arc4random_mutex
                0x000000002000047e                __lock___env_recursive_mutex
                0x000000002000047f                __lock___sinit_recursive_mutex
                0x0000000020000480                __lock___malloc_recursive_mutex
                0x0000000020000481                __lock___at_quick_exit_mutex
                0x0000000020000482                __lock___dd_hash_mutex
                0x0000000020000483                __lock___tz_mutex
                0x0000000020000484                __lock___sfp_recursive_mutex
                0x0000000020000488                . = ALIGN (0x4)
 *fill*         0x0000000020000485        0x3 
                0x0000000020000488                _ebss = .
                0x0000000020000488                __bss_end__ = _ebss

._user_heap_stack
                0x0000000020000488      0x600 load address 0x0000000008004154
                0x0000000020000488                . = ALIGN (0x8)
                [!provide]                        PROVIDE (end = .)
                0x0000000020000488                PROVIDE (_end = .)
                0x0000000020000688                . = (. + _Min_Heap_Size)
 *fill*         0x0000000020000488      0x200 
                0x0000000020000a88                . = (. + _Min_Stack_Size)
 *fill*         0x0000000020000688      0x400 
                0x0000000020000a88                . = ALIGN (0x8)

/DISCARD/
 libc.a(*)
 libm.a(*)
 libgcc.a(*)

.ARM.attributes
                0x0000000000000000       0x29
 *(.ARM.attributes)
 .ARM.attributes
                0x0000000000000000       0x1d c:/st/stm32cubeide_1.6.0/stm32cubeide/plugins/com.st.stm32cube.ide.mcu.externaltools.gnu-tools-for-stm32.9-2020-q2-update.win32_1.5.0.202011040924/tools/bin/../lib/gcc/arm-none-eabi/9.3.1/thumb/v7-m/nofp/crti.o
 .ARM.attributes
                0x000000000000001d       0x2d c:/st/stm32cubeide_1.6.0/stm32cubeide/plugins/com.st.stm32cube.ide.mcu.externaltools.gnu-tools-for-stm32.9-2020-q2-update.win32_1.5.0.202011040924/tools/bin/../lib/gcc/arm-none-eabi/9.3.1/thumb/v7-m/nofp/crtbegin.o
 .ARM.attributes
                0x000000000000004a       0x2d src/ap/ap.o
 .ARM.attributes
                0x0000000000000077       0x2d src/bsp/bsp.o
 .ARM.attributes
                0x00000000000000a4       0x2d src/bsp/stm32f1xx_hal_msp.o
 .ARM.attributes
                0x00000000000000d1       0x2d src/bsp/stm32f1xx_it.o
 .ARM.attributes
                0x00000000000000fe       0x2d src/bsp/sysmem.o
 .ARM.attributes
                0x000000000000012b       0x2d src/bsp/system_stm32f1xx.o
 .ARM.attributes
                0x0000000000000158       0x21 src/bsp/startup/startup_stm32f103c8tx.o
 .ARM.attributes
                0x0000000000000179       0x2d src/common/core/qbuffer.o
 .ARM.attributes
                0x00000000000001a6       0x2d src/hw/driver/dfplayer.o
 .ARM.attributes
                0x00000000000001d3       0x2d src/hw/driver/gpio.o
 .ARM.attributes
                0x0000000000000200       0x2d src/hw/driver/led.o
 .ARM.attributes
                0x000000000000022d       0x2d src/hw/driver/uart.o
 .ARM.attributes
                0x000000000000025a       0x2d src/hw/hw.o
 .ARM.attributes
                0x0000000000000287       0x2d src/lib/cub_f1013c8/Drivers/STM32F1xx_HAL_Driver/Src/stm32f1xx_hal.o
 .ARM.attributes
                0x00000000000002b4       0x2d src/lib/cub_f1013c8/Drivers/STM32F1xx_HAL_Driver/Src/stm32f1xx_hal_cortex.o
 .ARM.attributes
                0x00000000000002e1       0x2d src/lib/cub_f1013c8/Drivers/STM32F1xx_HAL_Driver/Src/stm32f1xx_hal_dma.o
 .ARM.attributes
                0x000000000000030e       0x2d src/lib/cub_f1013c8/Drivers/STM32F1xx_HAL_Driver/Src/stm32f1xx_hal_gpio.o
 .ARM.attributes
                0x000000000000033b       0x2d src/lib/cub_f1013c8/Drivers/STM32F1xx_HAL_Driver/Src/stm32f1xx_hal_rcc.o
 .ARM.attributes
                0x0000000000000368       0x2d src/lib/cub_f1013c8/Drivers/STM32F1xx_HAL_Driver/Src/stm32f1xx_hal_uart.o
 .ARM.attributes
                0x0000000000000395       0x2d src/main.o
 .ARM.attributes
                0x00000000000003c2       0x2d c:/st/stm32cubeide_1.6.0/stm32cubeide/plugins/com.st.stm32cube.ide.mcu.externaltools.gnu-tools-for-stm32.9-2020-q2-update.win32_1.5.0.202011040924/tools/bin/../lib/gcc/arm-none-eabi/9.3.1/../../../../arm-none-eabi/lib/thumb/v7-m/nofp\libc_nano.a(lib_a-errno.o)
 .ARM.attributes
                0x00000000000003ef       0x2d c:/st/stm32cubeide_1.6.0/stm32cubeide/plugins/com.st.stm32cube.ide.mcu.externaltools.gnu-tools-for-stm32.9-2020-q2-update.win32_1.5.0.202011040924/tools/bin/../lib/gcc/arm-none-eabi/9.3.1/../../../../arm-none-eabi/lib/thumb/v7-m/nofp\libc_nano.a(lib_a-impure.o)
 .ARM.attributes
                0x000000000000041c       0x2d c:/st/stm32cubeide_1.6.0/stm32cubeide/plugins/com.st.stm32cube.ide.mcu.externaltools.gnu-tools-for-stm32.9-2020-q2-update.win32_1.5.0.202011040924/tools/bin/../lib/gcc/arm-none-eabi/9.3.1/../../../../arm-none-eabi/lib/thumb/v7-m/nofp\libc_nano.a(lib_a-init.o)
 .ARM.attributes
                0x0000000000000449       0x2d c:/st/stm32cubeide_1.6.0/stm32cubeide/plugins/com.st.stm32cube.ide.mcu.externaltools.gnu-tools-for-stm32.9-2020-q2-update.win32_1.5.0.202011040924/tools/bin/../lib/gcc/arm-none-eabi/9.3.1/../../../../arm-none-eabi/lib/thumb/v7-m/nofp\libc_nano.a(lib_a-memset.o)
 .ARM.attributes
                0x0000000000000476       0x2d c:/st/stm32cubeide_1.6.0/stm32cubeide/plugins/com.st.stm32cube.ide.mcu.externaltools.gnu-tools-for-stm32.9-2020-q2-update.win32_1.5.0.202011040924/tools/bin/../lib/gcc/arm-none-eabi/9.3.1/../../../../arm-none-eabi/lib/thumb/v7-m/nofp\libc_nano.a(lib_a-vsnprintf.o)
 .ARM.attributes
                0x00000000000004a3       0x2d c:/st/stm32cubeide_1.6.0/stm32cubeide/plugins/com.st.stm32cube.ide.mcu.externaltools.gnu-tools-for-stm32.9-2020-q2-update.win32_1.5.0.202011040924/tools/bin/../lib/gcc/arm-none-eabi/9.3.1/../../../../arm-none-eabi/lib/thumb/v7-m/nofp\libc_nano.a(lib_a-nano-svfprintf.o)
 .ARM.attributes
                0x00000000000004d0       0x2d c:/st/stm32cubeide_1.6.0/stm32cubeide/plugins/com.st.stm32cube.ide.mcu.externaltools.gnu-tools-for-stm32.9-2020-q2-update.win32_1.5.0.202011040924/tools/bin/../lib/gcc/arm-none-eabi/9.3.1/../../../../arm-none-eabi/lib/thumb/v7-m/nofp\libc_nano.a(lib_a-nano-vfprintf_i.o)
 .ARM.attributes
                0x00000000000004fd       0x2d c:/st/stm32cubeide_1.6.0/stm32cubeide/plugins/com.st.stm32cube.ide.mcu.externaltools.gnu-tools-for-stm32.9-2020-q2-update.win32_1.5.0.202011040924/tools/bin/../lib/gcc/arm-none-eabi/9.3.1/../../../../arm-none-eabi/lib/thumb/v7-m/nofp\libc_nano.a(lib_a-memchr-stub.o)
 .ARM.attributes
                0x000000000000052a       0x2d c:/st/stm32cubeide_1.6.0/stm32cubeide/plugins/com.st.stm32cube.ide.mcu.externaltools.gnu-tools-for-stm32.9-2020-q2-update.win32_1.5.0.202011040924/tools/bin/../lib/gcc/arm-none-eabi/9.3.1/../../../../arm-none-eabi/lib/thumb/v7-m/nofp\libc_nano.a(lib_a-memcpy-stub.o)
 .ARM.attributes
                0x0000000000000557       0x2d c:/st/stm32cubeide_1.6.0/stm32cubeide/plugins/com.st.stm32cube.ide.mcu.externaltools.gnu-tools-for-stm32.9-2020-q2-update.win32_1.5.0.202011040924/tools/bin/../lib/gcc/arm-none-eabi/9.3.1/../../../../arm-none-eabi/lib/thumb/v7-m/nofp\libc_nano.a(lib_a-memmove.o)
 .ARM.attributes
                0x0000000000000584       0x2d c:/st/stm32cubeide_1.6.0/stm32cubeide/plugins/com.st.stm32cube.ide.mcu.externaltools.gnu-tools-for-stm32.9-2020-q2-update.win32_1.5.0.202011040924/tools/bin/../lib/gcc/arm-none-eabi/9.3.1/../../../../arm-none-eabi/lib/thumb/v7-m/nofp\libc_nano.a(lib_a-nano-freer.o)
 .ARM.attributes
                0x00000000000005b1       0x2d c:/st/stm32cubeide_1.6.0/stm32cubeide/plugins/com.st.stm32cube.ide.mcu.externaltools.gnu-tools-for-stm32.9-2020-q2-update.win32_1.5.0.202011040924/tools/bin/../lib/gcc/arm-none-eabi/9.3.1/../../../../arm-none-eabi/lib/thumb/v7-m/nofp\libc_nano.a(lib_a-nano-mallocr.o)
 .ARM.attributes
                0x00000000000005de       0x2d c:/st/stm32cubeide_1.6.0/stm32cubeide/plugins/com.st.stm32cube.ide.mcu.externaltools.gnu-tools-for-stm32.9-2020-q2-update.win32_1.5.0.202011040924/tools/bin/../lib/gcc/arm-none-eabi/9.3.1/../../../../arm-none-eabi/lib/thumb/v7-m/nofp\libc_nano.a(lib_a-nano-reallocr.o)
 .ARM.attributes
                0x000000000000060b       0x2d c:/st/stm32cubeide_1.6.0/stm32cubeide/plugins/com.st.stm32cube.ide.mcu.externaltools.gnu-tools-for-stm32.9-2020-q2-update.win32_1.5.0.202011040924/tools/bin/../lib/gcc/arm-none-eabi/9.3.1/../../../../arm-none-eabi/lib/thumb/v7-m/nofp\libc_nano.a(lib_a-sbrkr.o)
 .ARM.attributes
                0x0000000000000638       0x2d c:/st/stm32cubeide_1.6.0/stm32cubeide/plugins/com.st.stm32cube.ide.mcu.externaltools.gnu-tools-for-stm32.9-2020-q2-update.win32_1.5.0.202011040924/tools/bin/../lib/gcc/arm-none-eabi/9.3.1/../../../../arm-none-eabi/lib/thumb/v7-m/nofp\libc_nano.a(lib_a-mlock.o)
 .ARM.attributes
                0x0000000000000665       0x2d c:/st/stm32cubeide_1.6.0/stm32cubeide/plugins/com.st.stm32cube.ide.mcu.externaltools.gnu-tools-for-stm32.9-2020-q2-update.win32_1.5.0.202011040924/tools/bin/../lib/gcc/arm-none-eabi/9.3.1/../../../../arm-none-eabi/lib/thumb/v7-m/nofp\libc_nano.a(lib_a-nano-msizer.o)
 .ARM.attributes
                0x0000000000000692       0x2d c:/st/stm32cubeide_1.6.0/stm32cubeide/plugins/com.st.stm32cube.ide.mcu.externaltools.gnu-tools-for-stm32.9-2020-q2-update.win32_1.5.0.202011040924/tools/bin/../lib/gcc/arm-none-eabi/9.3.1/../../../../arm-none-eabi/lib/thumb/v7-m/nofp\libc_nano.a(lib_a-reent.o)
 .ARM.attributes
                0x00000000000006bf       0x2d c:/st/stm32cubeide_1.6.0/stm32cubeide/plugins/com.st.stm32cube.ide.mcu.externaltools.gnu-tools-for-stm32.9-2020-q2-update.win32_1.5.0.202011040924/tools/bin/../lib/gcc/arm-none-eabi/9.3.1/../../../../arm-none-eabi/lib/thumb/v7-m/nofp\libc_nano.a(lib_a-lock.o)
 .ARM.attributes
                0x00000000000006ec       0x1d c:/st/stm32cubeide_1.6.0/stm32cubeide/plugins/com.st.stm32cube.ide.mcu.externaltools.gnu-tools-for-stm32.9-2020-q2-update.win32_1.5.0.202011040924/tools/bin/../lib/gcc/arm-none-eabi/9.3.1/thumb/v7-m/nofp/crtn.o
OUTPUT(stm32f103_fw_module.elf elf32-littlearm)
LOAD linker stubs
LOAD c:/st/stm32cubeide_1.6.0/stm32cubeide/plugins/com.st.stm32cube.ide.mcu.externaltools.gnu-tools-for-stm32.9-2020-q2-update.win32_1.5.0.202011040924/tools/bin/../lib/gcc/arm-none-eabi/9.3.1/../../../../arm-none-eabi/lib/thumb/v7-m/nofp\libc.a
LOAD c:/st/stm32cubeide_1.6.0/stm32cubeide/plugins/com.st.stm32cube.ide.mcu.externaltools.gnu-tools-for-stm32.9-2020-q2-update.win32_1.5.0.202011040924/tools/bin/../lib/gcc/arm-none-eabi/9.3.1/../../../../arm-none-eabi/lib/thumb/v7-m/nofp\libm.a
LOAD c:/st/stm32cubeide_1.6.0/stm32cubeide/plugins/com.st.stm32cube.ide.mcu.externaltools.gnu-tools-for-stm32.9-2020-q2-update.win32_1.5.0.202011040924/tools/bin/../lib/gcc/arm-none-eabi/9.3.1/thumb/v7-m/nofp\libgcc.a

.debug_info     0x0000000000000000     0xdfe5
 .debug_info    0x0000000000000000      0xab0 src/ap/ap.o
 .debug_info    0x0000000000000ab0      0xd8f src/bsp/bsp.o
 .debug_info    0x000000000000183f      0xbaa src/bsp/stm32f1xx_hal_msp.o
 .debug_info    0x00000000000023e9     0x1004 src/bsp/stm32f1xx_it.o
 .debug_info    0x00000000000033ed      0xa25 src/bsp/sysmem.o
 .debug_info    0x0000000000003e12      0x260 src/bsp/system_stm32f1xx.o
 .debug_info    0x0000000000004072       0x22 src/bsp/startup/startup_stm32f103c8tx.o
 .debug_info    0x0000000000004094      0xb64 src/common/core/qbuffer.o
 .debug_info    0x0000000000004bf8      0xe77 src/hw/driver/dfplayer.o
 .debug_info    0x0000000000005a6f      0xce8 src/hw/driver/gpio.o
 .debug_info    0x0000000000006757      0xc69 src/hw/driver/led.o
 .debug_info    0x00000000000073c0     0x1694 src/hw/driver/uart.o
 .debug_info    0x0000000000008a54      0xa40 src/hw/hw.o
 .debug_info    0x0000000000009494      0x76a src/lib/cub_f1013c8/Drivers/STM32F1xx_HAL_Driver/Src/stm32f1xx_hal.o
 .debug_info    0x0000000000009bfe      0xbdc src/lib/cub_f1013c8/Drivers/STM32F1xx_HAL_Driver/Src/stm32f1xx_hal_cortex.o
 .debug_info    0x000000000000a7da      0x81e src/lib/cub_f1013c8/Drivers/STM32F1xx_HAL_Driver/Src/stm32f1xx_hal_dma.o
 .debug_info    0x000000000000aff8      0x701 src/lib/cub_f1013c8/Drivers/STM32F1xx_HAL_Driver/Src/stm32f1xx_hal_gpio.o
 .debug_info    0x000000000000b6f9      0x88e src/lib/cub_f1013c8/Drivers/STM32F1xx_HAL_Driver/Src/stm32f1xx_hal_rcc.o
 .debug_info    0x000000000000bf87     0x161a src/lib/cub_f1013c8/Drivers/STM32F1xx_HAL_Driver/Src/stm32f1xx_hal_uart.o
 .debug_info    0x000000000000d5a1      0xa44 src/main.o

.debug_abbrev   0x0000000000000000     0x292d
 .debug_abbrev  0x0000000000000000      0x1e4 src/ap/ap.o
 .debug_abbrev  0x00000000000001e4      0x258 src/bsp/bsp.o
 .debug_abbrev  0x000000000000043c      0x1eb src/bsp/stm32f1xx_hal_msp.o
 .debug_abbrev  0x0000000000000627      0x1fa src/bsp/stm32f1xx_it.o
 .debug_abbrev  0x0000000000000821      0x1bf src/bsp/sysmem.o
 .debug_abbrev  0x00000000000009e0      0x14e src/bsp/system_stm32f1xx.o
 .debug_abbrev  0x0000000000000b2e       0x12 src/bsp/startup/startup_stm32f103c8tx.o
 .debug_abbrev  0x0000000000000b40      0x20a src/common/core/qbuffer.o
 .debug_abbrev  0x0000000000000d4a      0x29b src/hw/driver/dfplayer.o
 .debug_abbrev  0x0000000000000fe5      0x262 src/hw/driver/gpio.o
 .debug_abbrev  0x0000000000001247      0x235 src/hw/driver/led.o
 .debug_abbrev  0x000000000000147c      0x333 src/hw/driver/uart.o
 .debug_abbrev  0x00000000000017af      0x1b7 src/hw/hw.o
 .debug_abbrev  0x0000000000001966      0x1ed src/lib/cub_f1013c8/Drivers/STM32F1xx_HAL_Driver/Src/stm32f1xx_hal.o
 .debug_abbrev  0x0000000000001b53      0x313 src/lib/cub_f1013c8/Drivers/STM32F1xx_HAL_Driver/Src/stm32f1xx_hal_cortex.o
 .debug_abbrev  0x0000000000001e66      0x228 src/lib/cub_f1013c8/Drivers/STM32F1xx_HAL_Driver/Src/stm32f1xx_hal_dma.o
 .debug_abbrev  0x000000000000208e      0x1e8 src/lib/cub_f1013c8/Drivers/STM32F1xx_HAL_Driver/Src/stm32f1xx_hal_gpio.o
 .debug_abbrev  0x0000000000002276      0x273 src/lib/cub_f1013c8/Drivers/STM32F1xx_HAL_Driver/Src/stm32f1xx_hal_rcc.o
 .debug_abbrev  0x00000000000024e9      0x28b src/lib/cub_f1013c8/Drivers/STM32F1xx_HAL_Driver/Src/stm32f1xx_hal_uart.o
 .debug_abbrev  0x0000000000002774      0x1b9 src/main.o

.debug_aranges  0x0000000000000000      0x960
 .debug_aranges
                0x0000000000000000       0x40 src/ap/ap.o
 .debug_aranges
                0x0000000000000040       0x48 src/bsp/bsp.o
 .debug_aranges
                0x0000000000000088       0x20 src/bsp/stm32f1xx_hal_msp.o
 .debug_aranges
                0x00000000000000a8       0x90 src/bsp/stm32f1xx_it.o
 .debug_aranges
                0x0000000000000138       0x20 src/bsp/sysmem.o
 .debug_aranges
                0x0000000000000158       0x28 src/bsp/system_stm32f1xx.o
 .debug_aranges
                0x0000000000000180       0x28 src/bsp/startup/startup_stm32f103c8tx.o
 .debug_aranges
                0x00000000000001a8       0x48 src/common/core/qbuffer.o
 .debug_aranges
                0x00000000000001f0       0xf8 src/hw/driver/dfplayer.o
 .debug_aranges
                0x00000000000002e8       0x40 src/hw/driver/gpio.o
 .debug_aranges
                0x0000000000000328       0x38 src/hw/driver/led.o
 .debug_aranges
                0x0000000000000360       0x78 src/hw/driver/uart.o
 .debug_aranges
                0x00000000000003d8       0x20 src/hw/hw.o
 .debug_aranges
                0x00000000000003f8       0xe0 src/lib/cub_f1013c8/Drivers/STM32F1xx_HAL_Driver/Src/stm32f1xx_hal.o
 .debug_aranges
                0x00000000000004d8      0x100 src/lib/cub_f1013c8/Drivers/STM32F1xx_HAL_Driver/Src/stm32f1xx_hal_cortex.o
 .debug_aranges
                0x00000000000005d8       0x80 src/lib/cub_f1013c8/Drivers/STM32F1xx_HAL_Driver/Src/stm32f1xx_hal_dma.o
 .debug_aranges
                0x0000000000000658       0x58 src/lib/cub_f1013c8/Drivers/STM32F1xx_HAL_Driver/Src/stm32f1xx_hal_gpio.o
 .debug_aranges
                0x00000000000006b0       0x90 src/lib/cub_f1013c8/Drivers/STM32F1xx_HAL_Driver/Src/stm32f1xx_hal_rcc.o
 .debug_aranges
                0x0000000000000740      0x200 src/lib/cub_f1013c8/Drivers/STM32F1xx_HAL_Driver/Src/stm32f1xx_hal_uart.o
 .debug_aranges
                0x0000000000000940       0x20 src/main.o

.debug_ranges   0x0000000000000000      0x858
 .debug_ranges  0x0000000000000000       0x30 src/ap/ap.o
 .debug_ranges  0x0000000000000030       0x38 src/bsp/bsp.o
 .debug_ranges  0x0000000000000068       0x10 src/bsp/stm32f1xx_hal_msp.o
 .debug_ranges  0x0000000000000078       0x80 src/bsp/stm32f1xx_it.o
 .debug_ranges  0x00000000000000f8       0x10 src/bsp/sysmem.o
 .debug_ranges  0x0000000000000108       0x18 src/bsp/system_stm32f1xx.o
 .debug_ranges  0x0000000000000120       0x20 src/bsp/startup/startup_stm32f103c8tx.o
 .debug_ranges  0x0000000000000140       0x38 src/common/core/qbuffer.o
 .debug_ranges  0x0000000000000178       0xe8 src/hw/driver/dfplayer.o
 .debug_ranges  0x0000000000000260       0x30 src/hw/driver/gpio.o
 .debug_ranges  0x0000000000000290       0x28 src/hw/driver/led.o
 .debug_ranges  0x00000000000002b8       0x68 src/hw/driver/uart.o
 .debug_ranges  0x0000000000000320       0x10 src/hw/hw.o
 .debug_ranges  0x0000000000000330       0xd0 src/lib/cub_f1013c8/Drivers/STM32F1xx_HAL_Driver/Src/stm32f1xx_hal.o
 .debug_ranges  0x0000000000000400       0xf0 src/lib/cub_f1013c8/Drivers/STM32F1xx_HAL_Driver/Src/stm32f1xx_hal_cortex.o
 .debug_ranges  0x00000000000004f0       0x70 src/lib/cub_f1013c8/Drivers/STM32F1xx_HAL_Driver/Src/stm32f1xx_hal_dma.o
 .debug_ranges  0x0000000000000560       0x48 src/lib/cub_f1013c8/Drivers/STM32F1xx_HAL_Driver/Src/stm32f1xx_hal_gpio.o
 .debug_ranges  0x00000000000005a8       0x80 src/lib/cub_f1013c8/Drivers/STM32F1xx_HAL_Driver/Src/stm32f1xx_hal_rcc.o
 .debug_ranges  0x0000000000000628      0x220 src/lib/cub_f1013c8/Drivers/STM32F1xx_HAL_Driver/Src/stm32f1xx_hal_uart.o
 .debug_ranges  0x0000000000000848       0x10 src/main.o

.debug_macro    0x0000000000000000    0x192ef
 .debug_macro   0x0000000000000000      0x39d src/ap/ap.o
 .debug_macro   0x000000000000039d      0xa90 src/ap/ap.o
 .debug_macro   0x0000000000000e2d       0x22 src/ap/ap.o
 .debug_macro   0x0000000000000e4f       0x4c src/ap/ap.o
 .debug_macro   0x0000000000000e9b       0x18 src/ap/ap.o
 .debug_macro   0x0000000000000eb3       0x94 src/ap/ap.o
 .debug_macro   0x0000000000000f47       0x3c src/ap/ap.o
 .debug_macro   0x0000000000000f83       0x34 src/ap/ap.o
 .debug_macro   0x0000000000000fb7       0x16 src/ap/ap.o
 .debug_macro   0x0000000000000fcd       0x57 src/ap/ap.o
 .debug_macro   0x0000000000001024       0x97 src/ap/ap.o
 .debug_macro   0x00000000000010bb      0x339 src/ap/ap.o
 .debug_macro   0x00000000000013f4       0xfd src/ap/ap.o
 .debug_macro   0x00000000000014f1       0x10 src/ap/ap.o
 .debug_macro   0x0000000000001501       0x16 src/ap/ap.o
 .debug_macro   0x0000000000001517       0x43 src/ap/ap.o
 .debug_macro   0x000000000000155a       0x34 src/ap/ap.o
 .debug_macro   0x000000000000158e       0x10 src/ap/ap.o
 .debug_macro   0x000000000000159e       0x58 src/ap/ap.o
 .debug_macro   0x00000000000015f6       0x71 src/ap/ap.o
 .debug_macro   0x0000000000001667       0x1c src/ap/ap.o
 .debug_macro   0x0000000000001683      0x12a src/ap/ap.o
 .debug_macro   0x00000000000017ad       0x10 src/ap/ap.o
 .debug_macro   0x00000000000017bd       0x6a src/ap/ap.o
 .debug_macro   0x0000000000001827       0x1c src/ap/ap.o
 .debug_macro   0x0000000000001843       0x52 src/ap/ap.o
 .debug_macro   0x0000000000001895       0x22 src/ap/ap.o
 .debug_macro   0x00000000000018b7       0x10 src/ap/ap.o
 .debug_macro   0x00000000000018c7       0x40 src/ap/ap.o
 .debug_macro   0x0000000000001907       0xd5 src/ap/ap.o
 .debug_macro   0x00000000000019dc       0x1c src/ap/ap.o
 .debug_macro   0x00000000000019f8       0x3d src/ap/ap.o
 .debug_macro   0x0000000000001a35       0x16 src/ap/ap.o
 .debug_macro   0x0000000000001a4b      0x145 src/ap/ap.o
 .debug_macro   0x0000000000001b90      0x103 src/ap/ap.o
 .debug_macro   0x0000000000001c93      0x1df src/ap/ap.o
 .debug_macro   0x0000000000001e72       0x22 src/ap/ap.o
 .debug_macro   0x0000000000001e94       0x4c src/ap/ap.o
 .debug_macro   0x0000000000001ee0       0x16 src/ap/ap.o
 .debug_macro   0x0000000000001ef6       0x35 src/ap/ap.o
 .debug_macro   0x0000000000001f2b       0x16 src/ap/ap.o
 .debug_macro   0x0000000000001f41       0x29 src/ap/ap.o
 .debug_macro   0x0000000000001f6a       0x4c src/ap/ap.o
 .debug_macro   0x0000000000001fb6      0x21b src/ap/ap.o
 .debug_macro   0x00000000000021d1       0x2e src/ap/ap.o
 .debug_macro   0x00000000000021ff       0x22 src/ap/ap.o
 .debug_macro   0x0000000000002221       0x1c src/ap/ap.o
 .debug_macro   0x000000000000223d       0x22 src/ap/ap.o
 .debug_macro   0x000000000000225f       0xbd src/ap/ap.o
 .debug_macro   0x000000000000231c      0xd23 src/ap/ap.o
 .debug_macro   0x000000000000303f     0xe09e src/ap/ap.o
 .debug_macro   0x00000000000110dd       0x6d src/ap/ap.o
 .debug_macro   0x000000000001114a     0x3468 src/ap/ap.o
 .debug_macro   0x00000000000145b2       0x56 src/ap/ap.o
 .debug_macro   0x0000000000014608      0x5be src/ap/ap.o
 .debug_macro   0x0000000000014bc6      0x289 src/ap/ap.o
 .debug_macro   0x0000000000014e4f      0x1cb src/ap/ap.o
 .debug_macro   0x000000000001501a      0x114 src/ap/ap.o
 .debug_macro   0x000000000001512e      0x1b2 src/ap/ap.o
 .debug_macro   0x00000000000152e0       0x27 src/ap/ap.o
 .debug_macro   0x0000000000015307      0x136 src/ap/ap.o
 .debug_macro   0x000000000001543d      0x1bc src/ap/ap.o
 .debug_macro   0x00000000000155f9       0x34 src/ap/ap.o
 .debug_macro   0x000000000001562d       0x3c src/ap/ap.o
 .debug_macro   0x0000000000015669       0x57 src/ap/ap.o
 .debug_macro   0x00000000000156c0       0x88 src/ap/ap.o
 .debug_macro   0x0000000000015748      0x241 src/ap/ap.o
 .debug_macro   0x0000000000015989      0x141 src/ap/ap.o
 .debug_macro   0x0000000000015aca      0x279 src/ap/ap.o
 .debug_macro   0x0000000000015d43       0x83 src/ap/ap.o
 .debug_macro   0x0000000000015dc6       0x2e src/ap/ap.o
 .debug_macro   0x0000000000015df4       0x10 src/ap/ap.o
 .debug_macro   0x0000000000015e04      0x1b9 src/ap/ap.o
 .debug_macro   0x0000000000015fbd       0x10 src/ap/ap.o
 .debug_macro   0x0000000000015fcd      0x345 src/bsp/bsp.o
 .debug_macro   0x0000000000016312      0x3a1 src/bsp/stm32f1xx_hal_msp.o
 .debug_macro   0x00000000000166b3      0x3ab src/bsp/stm32f1xx_it.o
 .debug_macro   0x0000000000016a5e       0xff src/bsp/sysmem.o
 .debug_macro   0x0000000000016b5d      0x23b src/bsp/sysmem.o
 .debug_macro   0x0000000000016d98       0xc8 src/bsp/system_stm32f1xx.o
 .debug_macro   0x0000000000016e60       0x8e src/bsp/system_stm32f1xx.o
 .debug_macro   0x0000000000016eee       0x51 src/bsp/system_stm32f1xx.o
 .debug_macro   0x0000000000016f3f       0xc3 src/bsp/system_stm32f1xx.o
 .debug_macro   0x0000000000017002      0x220 src/common/core/qbuffer.o
 .debug_macro   0x0000000000017222      0x36c src/hw/driver/dfplayer.o
 .debug_macro   0x000000000001758e      0x1b3 src/hw/driver/dfplayer.o
 .debug_macro   0x0000000000017741       0x10 src/hw/driver/dfplayer.o
 .debug_macro   0x0000000000017751      0x364 src/hw/driver/gpio.o
 .debug_macro   0x0000000000017ab5      0x364 src/hw/driver/led.o
 .debug_macro   0x0000000000017e19      0x374 src/hw/driver/uart.o
 .debug_macro   0x000000000001818d      0x38d src/hw/hw.o
 .debug_macro   0x000000000001851a      0x1ad src/lib/cub_f1013c8/Drivers/STM32F1xx_HAL_Driver/Src/stm32f1xx_hal.o
 .debug_macro   0x00000000000186c7       0x5c src/lib/cub_f1013c8/Drivers/STM32F1xx_HAL_Driver/Src/stm32f1xx_hal.o
 .debug_macro   0x0000000000018723      0x189 src/lib/cub_f1013c8/Drivers/STM32F1xx_HAL_Driver/Src/stm32f1xx_hal_cortex.o
 .debug_macro   0x00000000000188ac      0x189 src/lib/cub_f1013c8/Drivers/STM32F1xx_HAL_Driver/Src/stm32f1xx_hal_dma.o
 .debug_macro   0x0000000000018a35      0x1f4 src/lib/cub_f1013c8/Drivers/STM32F1xx_HAL_Driver/Src/stm32f1xx_hal_gpio.o
 .debug_macro   0x0000000000018c29      0x19b src/lib/cub_f1013c8/Drivers/STM32F1xx_HAL_Driver/Src/stm32f1xx_hal_rcc.o
 .debug_macro   0x0000000000018dc4      0x18a src/lib/cub_f1013c8/Drivers/STM32F1xx_HAL_Driver/Src/stm32f1xx_hal_uart.o
 .debug_macro   0x0000000000018f4e      0x3a1 src/main.o

.debug_line     0x0000000000000000     0xea00
 .debug_line    0x0000000000000000      0xbeb src/ap/ap.o
 .debug_line    0x0000000000000beb      0xb41 src/bsp/bsp.o
 .debug_line    0x000000000000172c      0xbdc src/bsp/stm32f1xx_hal_msp.o
 .debug_line    0x0000000000002308      0xd2d src/bsp/stm32f1xx_it.o
 .debug_line    0x0000000000003035      0x4f7 src/bsp/sysmem.o
 .debug_line    0x000000000000352c      0x58b src/bsp/system_stm32f1xx.o
 .debug_line    0x0000000000003ab7       0x8a src/bsp/startup/startup_stm32f103c8tx.o
 .debug_line    0x0000000000003b41      0x752 src/common/core/qbuffer.o
 .debug_line    0x0000000000004293      0xe37 src/hw/driver/dfplayer.o
 .debug_line    0x00000000000050ca      0xbf3 src/hw/driver/gpio.o
 .debug_line    0x0000000000005cbd      0xb9a src/hw/driver/led.o
 .debug_line    0x0000000000006857      0xf59 src/hw/driver/uart.o
 .debug_line    0x00000000000077b0      0xb32 src/hw/hw.o
 .debug_line    0x00000000000082e2      0xaa4 src/lib/cub_f1013c8/Drivers/STM32F1xx_HAL_Driver/Src/stm32f1xx_hal.o
 .debug_line    0x0000000000008d86      0xc8c src/lib/cub_f1013c8/Drivers/STM32F1xx_HAL_Driver/Src/stm32f1xx_hal_cortex.o
 .debug_line    0x0000000000009a12      0xefc src/lib/cub_f1013c8/Drivers/STM32F1xx_HAL_Driver/Src/stm32f1xx_hal_dma.o
 .debug_line    0x000000000000a90e      0xb3b src/lib/cub_f1013c8/Drivers/STM32F1xx_HAL_Driver/Src/stm32f1xx_hal_gpio.o
 .debug_line    0x000000000000b449      0xeb2 src/lib/cub_f1013c8/Drivers/STM32F1xx_HAL_Driver/Src/stm32f1xx_hal_rcc.o
 .debug_line    0x000000000000c2fb     0x1b7f src/lib/cub_f1013c8/Drivers/STM32F1xx_HAL_Driver/Src/stm32f1xx_hal_uart.o
 .debug_line    0x000000000000de7a      0xb86 src/main.o

.debug_str      0x0000000000000000    0x83790
 .debug_str     0x0000000000000000    0x80ea3 src/ap/ap.o
                                      0x8129f (size before relaxing)
 .debug_str     0x0000000000080ea3      0x1dd src/bsp/bsp.o
                                      0x80d24 (size before relaxing)
 .debug_str     0x0000000000081080       0x66 src/bsp/stm32f1xx_hal_msp.o
                                      0x812e5 (size before relaxing)
 .debug_str     0x00000000000810e6      0x502 src/bsp/stm32f1xx_it.o
                                      0x81794 (size before relaxing)
 .debug_str     0x00000000000815e8      0x4e8 src/bsp/sysmem.o
                                       0x6253 (size before relaxing)
 .debug_str     0x0000000000081ad0       0x66 src/bsp/system_stm32f1xx.o
                                      0x546cf (size before relaxing)
 .debug_str     0x0000000000081b36       0x39 src/bsp/startup/startup_stm32f103c8tx.o
                                         0x84 (size before relaxing)
 .debug_str     0x0000000000081b6f       0xb7 src/common/core/qbuffer.o
                                       0x845f (size before relaxing)
 .debug_str     0x0000000000081c26      0x2bb src/hw/driver/dfplayer.o
                                      0x81497 (size before relaxing)
 .debug_str     0x0000000000081ee1       0xfd src/hw/driver/gpio.o
                                      0x80d1c (size before relaxing)
 .debug_str     0x0000000000081fde       0x48 src/hw/driver/led.o
                                      0x80ce3 (size before relaxing)
 .debug_str     0x0000000000082026      0x379 src/hw/driver/uart.o
                                      0x81513 (size before relaxing)
 .debug_str     0x000000000008239f       0x16 src/hw/hw.o
                                      0x81241 (size before relaxing)
 .debug_str     0x00000000000823b5      0x318 src/lib/cub_f1013c8/Drivers/STM32F1xx_HAL_Driver/Src/stm32f1xx_hal.o
                                      0x7ceb0 (size before relaxing)
 .debug_str     0x00000000000826cd      0x314 src/lib/cub_f1013c8/Drivers/STM32F1xx_HAL_Driver/Src/stm32f1xx_hal_cortex.o
                                      0x7ceb8 (size before relaxing)
 .debug_str     0x00000000000829e1      0x24e src/lib/cub_f1013c8/Drivers/STM32F1xx_HAL_Driver/Src/stm32f1xx_hal_dma.o
                                      0x7cbfa (size before relaxing)
 .debug_str     0x0000000000082c2f      0x325 src/lib/cub_f1013c8/Drivers/STM32F1xx_HAL_Driver/Src/stm32f1xx_hal_gpio.o
                                      0x7cbe3 (size before relaxing)
 .debug_str     0x0000000000082f54      0x263 src/lib/cub_f1013c8/Drivers/STM32F1xx_HAL_Driver/Src/stm32f1xx_hal_rcc.o
                                      0x7cc1c (size before relaxing)
 .debug_str     0x00000000000831b7      0x5c6 src/lib/cub_f1013c8/Drivers/STM32F1xx_HAL_Driver/Src/stm32f1xx_hal_uart.o
                                      0x7d20e (size before relaxing)
 .debug_str     0x000000000008377d       0x13 src/main.o
                                      0x81259 (size before relaxing)

.comment        0x0000000000000000       0x53
 .comment       0x0000000000000000       0x53 src/ap/ap.o
                                         0x54 (size before relaxing)
 .comment       0x0000000000000053       0x54 src/bsp/bsp.o
 .comment       0x0000000000000053       0x54 src/bsp/stm32f1xx_hal_msp.o
 .comment       0x0000000000000053       0x54 src/bsp/stm32f1xx_it.o
 .comment       0x0000000000000053       0x54 src/bsp/sysmem.o
 .comment       0x0000000000000053       0x54 src/bsp/system_stm32f1xx.o
 .comment       0x0000000000000053       0x54 src/common/core/qbuffer.o
 .comment       0x0000000000000053       0x54 src/hw/driver/dfplayer.o
 .comment       0x0000000000000053       0x54 src/hw/driver/gpio.o
 .comment       0x0000000000000053       0x54 src/hw/driver/led.o
 .comment       0x0000000000000053       0x54 src/hw/driver/uart.o
 .comment       0x0000000000000053       0x54 src/hw/hw.o
 .comment       0x0000000000000053       0x54 src/lib/cub_f1013c8/Drivers/STM32F1xx_HAL_Driver/Src/stm32f1xx_hal.o
 .comment       0x0000000000000053       0x54 src/lib/cub_f1013c8/Drivers/STM32F1xx_HAL_Driver/Src/stm32f1xx_hal_cortex.o
 .comment       0x0000000000000053       0x54 src/lib/cub_f1013c8/Drivers/STM32F1xx_HAL_Driver/Src/stm32f1xx_hal_dma.o
 .comment       0x0000000000000053       0x54 src/lib/cub_f1013c8/Drivers/STM32F1xx_HAL_Driver/Src/stm32f1xx_hal_gpio.o
 .comment       0x0000000000000053       0x54 src/lib/cub_f1013c8/Drivers/STM32F1xx_HAL_Driver/Src/stm32f1xx_hal_rcc.o
 .comment       0x0000000000000053       0x54 src/lib/cub_f1013c8/Drivers/STM32F1xx_HAL_Driver/Src/stm32f1xx_hal_uart.o
 .comment       0x0000000000000053       0x54 src/main.o

.debug_frame    0x0000000000000000     0x2660
 .debug_frame   0x0000000000000000       0xa4 src/ap/ap.o
 .debug_frame   0x00000000000000a4       0xd8 src/bsp/bsp.o
 .debug_frame   0x000000000000017c       0x38 src/bsp/stm32f1xx_hal_msp.o
 .debug_frame   0x00000000000001b4      0x1ac src/bsp/stm32f1xx_it.o
 .debug_frame   0x0000000000000360       0x34 src/bsp/sysmem.o
 .debug_frame   0x0000000000000394       0x58 src/bsp/system_stm32f1xx.o
 .debug_frame   0x00000000000003ec       0xf8 src/common/core/qbuffer.o
 .debug_frame   0x00000000000004e4      0x3a4 src/hw/driver/dfplayer.o
 .debug_frame   0x0000000000000888       0xc8 src/hw/driver/gpio.o
 .debug_frame   0x0000000000000950       0xa0 src/hw/driver/led.o
 .debug_frame   0x00000000000009f0      0x1ec src/hw/driver/uart.o
 .debug_frame   0x0000000000000bdc       0x2c src/hw/hw.o
 .debug_frame   0x0000000000000c08      0x334 src/lib/cub_f1013c8/Drivers/STM32F1xx_HAL_Driver/Src/stm32f1xx_hal.o
 .debug_frame   0x0000000000000f3c      0x428 src/lib/cub_f1013c8/Drivers/STM32F1xx_HAL_Driver/Src/stm32f1xx_hal_cortex.o
 .debug_frame   0x0000000000001364      0x208 src/lib/cub_f1013c8/Drivers/STM32F1xx_HAL_Driver/Src/stm32f1xx_hal_dma.o
 .debug_frame   0x000000000000156c      0x14c src/lib/cub_f1013c8/Drivers/STM32F1xx_HAL_Driver/Src/stm32f1xx_hal_gpio.o
 .debug_frame   0x00000000000016b8      0x21c src/lib/cub_f1013c8/Drivers/STM32F1xx_HAL_Driver/Src/stm32f1xx_hal_rcc.o
 .debug_frame   0x00000000000018d4      0x914 src/lib/cub_f1013c8/Drivers/STM32F1xx_HAL_Driver/Src/stm32f1xx_hal_uart.o
 .debug_frame   0x00000000000021e8       0x2c src/main.o
 .debug_frame   0x0000000000002214       0x20 c:/st/stm32cubeide_1.6.0/stm32cubeide/plugins/com.st.stm32cube.ide.mcu.externaltools.gnu-tools-for-stm32.9-2020-q2-update.win32_1.5.0.202011040924/tools/bin/../lib/gcc/arm-none-eabi/9.3.1/../../../../arm-none-eabi/lib/thumb/v7-m/nofp\libc_nano.a(lib_a-errno.o)
 .debug_frame   0x0000000000002234       0x2c c:/st/stm32cubeide_1.6.0/stm32cubeide/plugins/com.st.stm32cube.ide.mcu.externaltools.gnu-tools-for-stm32.9-2020-q2-update.win32_1.5.0.202011040924/tools/bin/../lib/gcc/arm-none-eabi/9.3.1/../../../../arm-none-eabi/lib/thumb/v7-m/nofp\libc_nano.a(lib_a-init.o)
 .debug_frame   0x0000000000002260       0x20 c:/st/stm32cubeide_1.6.0/stm32cubeide/plugins/com.st.stm32cube.ide.mcu.externaltools.gnu-tools-for-stm32.9-2020-q2-update.win32_1.5.0.202011040924/tools/bin/../lib/gcc/arm-none-eabi/9.3.1/../../../../arm-none-eabi/lib/thumb/v7-m/nofp\libc_nano.a(lib_a-memset.o)
 .debug_frame   0x0000000000002280       0x4c c:/st/stm32cubeide_1.6.0/stm32cubeide/plugins/com.st.stm32cube.ide.mcu.externaltools.gnu-tools-for-stm32.9-2020-q2-update.win32_1.5.0.202011040924/tools/bin/../lib/gcc/arm-none-eabi/9.3.1/../../../../arm-none-eabi/lib/thumb/v7-m/nofp\libc_nano.a(lib_a-vsnprintf.o)
 .debug_frame   0x00000000000022cc       0x90 c:/st/stm32cubeide_1.6.0/stm32cubeide/plugins/com.st.stm32cube.ide.mcu.externaltools.gnu-tools-for-stm32.9-2020-q2-update.win32_1.5.0.202011040924/tools/bin/../lib/gcc/arm-none-eabi/9.3.1/../../../../arm-none-eabi/lib/thumb/v7-m/nofp\libc_nano.a(lib_a-nano-svfprintf.o)
 .debug_frame   0x000000000000235c       0x60 c:/st/stm32cubeide_1.6.0/stm32cubeide/plugins/com.st.stm32cube.ide.mcu.externaltools.gnu-tools-for-stm32.9-2020-q2-update.win32_1.5.0.202011040924/tools/bin/../lib/gcc/arm-none-eabi/9.3.1/../../../../arm-none-eabi/lib/thumb/v7-m/nofp\libc_nano.a(lib_a-nano-vfprintf_i.o)
 .debug_frame   0x00000000000023bc       0x28 c:/st/stm32cubeide_1.6.0/stm32cubeide/plugins/com.st.stm32cube.ide.mcu.externaltools.gnu-tools-for-stm32.9-2020-q2-update.win32_1.5.0.202011040924/tools/bin/../lib/gcc/arm-none-eabi/9.3.1/../../../../arm-none-eabi/lib/thumb/v7-m/nofp\libc_nano.a(lib_a-memchr-stub.o)
 .debug_frame   0x00000000000023e4       0x28 c:/st/stm32cubeide_1.6.0/stm32cubeide/plugins/com.st.stm32cube.ide.mcu.externaltools.gnu-tools-for-stm32.9-2020-q2-update.win32_1.5.0.202011040924/tools/bin/../lib/gcc/arm-none-eabi/9.3.1/../../../../arm-none-eabi/lib/thumb/v7-m/nofp\libc_nano.a(lib_a-memcpy-stub.o)
 .debug_frame   0x000000000000240c       0x28 c:/st/stm32cubeide_1.6.0/stm32cubeide/plugins/com.st.stm32cube.ide.mcu.externaltools.gnu-tools-for-stm32.9-2020-q2-update.win32_1.5.0.202011040924/tools/bin/../lib/gcc/arm-none-eabi/9.3.1/../../../../arm-none-eabi/lib/thumb/v7-m/nofp\libc_nano.a(lib_a-memmove.o)
 .debug_frame   0x0000000000002434       0x38 c:/st/stm32cubeide_1.6.0/stm32cubeide/plugins/com.st.stm32cube.ide.mcu.externaltools.gnu-tools-for-stm32.9-2020-q2-update.win32_1.5.0.202011040924/tools/bin/../lib/gcc/arm-none-eabi/9.3.1/../../../../arm-none-eabi/lib/thumb/v7-m/nofp\libc_nano.a(lib_a-nano-freer.o)
 .debug_frame   0x000000000000246c       0x30 c:/st/stm32cubeide_1.6.0/stm32cubeide/plugins/com.st.stm32cube.ide.mcu.externaltools.gnu-tools-for-stm32.9-2020-q2-update.win32_1.5.0.202011040924/tools/bin/../lib/gcc/arm-none-eabi/9.3.1/../../../../arm-none-eabi/lib/thumb/v7-m/nofp\libc_nano.a(lib_a-nano-mallocr.o)
 .debug_frame   0x000000000000249c       0x3c c:/st/stm32cubeide_1.6.0/stm32cubeide/plugins/com.st.stm32cube.ide.mcu.externaltools.gnu-tools-for-stm32.9-2020-q2-update.win32_1.5.0.202011040924/tools/bin/../lib/gcc/arm-none-eabi/9.3.1/../../../../arm-none-eabi/lib/thumb/v7-m/nofp\libc_nano.a(lib_a-nano-reallocr.o)
 .debug_frame   0x00000000000024d8       0x2c c:/st/stm32cubeide_1.6.0/stm32cubeide/plugins/com.st.stm32cube.ide.mcu.externaltools.gnu-tools-for-stm32.9-2020-q2-update.win32_1.5.0.202011040924/tools/bin/../lib/gcc/arm-none-eabi/9.3.1/../../../../arm-none-eabi/lib/thumb/v7-m/nofp\libc_nano.a(lib_a-sbrkr.o)
 .debug_frame   0x0000000000002504       0x30 c:/st/stm32cubeide_1.6.0/stm32cubeide/plugins/com.st.stm32cube.ide.mcu.externaltools.gnu-tools-for-stm32.9-2020-q2-update.win32_1.5.0.202011040924/tools/bin/../lib/gcc/arm-none-eabi/9.3.1/../../../../arm-none-eabi/lib/thumb/v7-m/nofp\libc_nano.a(lib_a-mlock.o)
 .debug_frame   0x0000000000002534       0x20 c:/st/stm32cubeide_1.6.0/stm32cubeide/plugins/com.st.stm32cube.ide.mcu.externaltools.gnu-tools-for-stm32.9-2020-q2-update.win32_1.5.0.202011040924/tools/bin/../lib/gcc/arm-none-eabi/9.3.1/../../../../arm-none-eabi/lib/thumb/v7-m/nofp\libc_nano.a(lib_a-nano-msizer.o)
 .debug_frame   0x0000000000002554       0x5c c:/st/stm32cubeide_1.6.0/stm32cubeide/plugins/com.st.stm32cube.ide.mcu.externaltools.gnu-tools-for-stm32.9-2020-q2-update.win32_1.5.0.202011040924/tools/bin/../lib/gcc/arm-none-eabi/9.3.1/../../../../arm-none-eabi/lib/thumb/v7-m/nofp\libc_nano.a(lib_a-reent.o)
 .debug_frame   0x00000000000025b0       0xb0 c:/st/stm32cubeide_1.6.0/stm32cubeide/plugins/com.st.stm32cube.ide.mcu.externaltools.gnu-tools-for-stm32.9-2020-q2-update.win32_1.5.0.202011040924/tools/bin/../lib/gcc/arm-none-eabi/9.3.1/../../../../arm-none-eabi/lib/thumb/v7-m/nofp\libc_nano.a(lib_a-lock.o)
