dfplayer.c:35:6:dfplayer_SendControlMessage	24	static
dfplayer.c:68:10:dfplayer_Checksum	16	static
dfplayer.c:89:6:dfplayer_Init	8	static
dfplayer.c:100:6:dfplayer_Next	8	static
dfplayer.c:111:6:dfplayer_Previous	8	static
dfplayer.c:124:6:dfplayer_SetTrakNumber	16	static
dfplayer.c:134:6:dfplayer_IncreaseVolume	8	static
dfplayer.c:145:6:dfplayer_DecreaseVolume	8	static
dfplayer.c:157:6:dfplayer_SetVolume	16	static
dfplayer.c:179:6:dfplayer_SetEQ	16	static
dfplayer.c:198:6:dfplayer_SetMode	16	static
dfplayer.c:214:6:dfplayer_SetSource	16	static
dfplayer.c:233:6:dfplayer_Standby	8	static
dfplayer.c:244:6:dfplayer_Reset	8	static
dfplayer.c:255:6:dfplayer_Play	8	static
dfplayer.c:266:6:dfplayer_Pause	8	static
dfplayer.c:279:6:dfplayer_PlayTrackInFolder	16	static
dfplayer.c:296:6:dfplayer_VolumeAdjust	24	static
dfplayer.c:314:6:dfplayer_Repeat	16	static
