dfplayer.c:35:6:dfplayer_SendControlMessage	24	static
dfplayer.c:69:10:dfplayer_Checksum	16	static
dfplayer.c:90:6:dfplayer_Init	8	static
dfplayer.c:101:6:dfplayer_Next	8	static
dfplayer.c:112:6:dfplayer_Previous	8	static
dfplayer.c:125:6:dfplayer_SetTrakNumber	16	static
dfplayer.c:135:6:dfplayer_IncreaseVolume	8	static
dfplayer.c:146:6:dfplayer_DecreaseVolume	8	static
dfplayer.c:158:6:dfplayer_SetVolume	16	static
dfplayer.c:180:6:dfplayer_SetEQ	16	static
dfplayer.c:196:6:dfplayer_RepeatTrack	16	static
dfplayer.c:212:6:dfplayer_SetSource	16	static
dfplayer.c:231:6:dfplayer_Standby	8	static
dfplayer.c:242:6:dfplayer_Reset	8	static
dfplayer.c:253:6:dfplayer_Play	8	static
dfplayer.c:264:6:dfplayer_Pause	8	static
dfplayer.c:277:6:dfplayer_PlayTrackInFolder	16	static
dfplayer.c:295:6:dfplayer_VolumeAdjust	16	static
dfplayer.c:313:6:dfplayer_RepeatAll	16	static
dfplayer.c:325:6:dfplayer_PlayMP3Folder	16	static
dfplayer.c:337:6:dfplayer_InsertAdvertisement	16	static
dfplayer.c:350:6:dfplayer_Play3KFolder	16	static
dfplayer.c:371:6:dfplayer_StopAdvertisement	8	static
dfplayer.c:384:6:dfplayer_Stop	8	static
dfplayer.c:397:6:dfplayer_RepeatTrackInFolder	16	static
dfplayer.c:414:6:dfplayer_RandomTrack	8	static
dfplayer.c:426:6:dfplayer_RepeatCurrentTrack	16	static
dfplayer.c:437:6:dfplayer_SetDAC	16	static
