03:23:30 **** Incremental Build of configuration Debug for project stm32f103_fw_module ****
make -j4 all 
arm-none-eabi-gcc "../src/ap/ap.c" -mcpu=cortex-m3 -std=gnu11 -g3 -DSTM32F103xB -c -I"C:/STM32 Coding files/stmf103_module_drivers_set/stm32f103_fw_module/src" -I"C:/STM32 Coding files/stmf103_module_drivers_set/stm32f103_fw_module/src/ap" -I"C:/STM32 Coding files/stmf103_module_drivers_set/stm32f103_fw_module/src/bsp" -I"C:/STM32 Coding files/stmf103_module_drivers_set/stm32f103_fw_module/src/common" -I"C:/STM32 Coding files/stmf103_module_drivers_set/stm32f103_fw_module/src/common/core" -I"C:/STM32 Coding files/stmf103_module_drivers_set/stm32f103_fw_module/src/common/hw/include" -I"C:/STM32 Coding files/stmf103_module_drivers_set/stm32f103_fw_module/src/hw" -I"C:/STM32 Coding files/stmf103_module_drivers_set/stm32f103_fw_module/src/lib" -I"C:/STM32 Coding files/stmf103_module_drivers_set/stm32f103_fw_module/src/lib/cub_f1013c8/Drivers/CMSIS/Device/ST/STM32F1xx/Include" -I"C:/STM32 Coding files/stmf103_module_drivers_set/stm32f103_fw_module/src/lib/cub_f1013c8/Drivers/CMSIS/Include" -I"C:/STM32 Coding files/stmf103_module_drivers_set/stm32f103_fw_module/src/lib/cub_f1013c8/Drivers/STM32F1xx_HAL_Driver/Inc" -O0 -ffunction-sections -fdata-sections -Wall -fstack-usage -MMD -MP -MF"src/ap/ap.d" -MT"src/ap/ap.o" --specs=nano.specs -mfloat-abi=soft -mthumb -o "src/ap/ap.o"
arm-none-eabi-gcc -o "stm32f103_fw_module.elf" @"objects.list"   -mcpu=cortex-m3 -T"C:\STM32 Coding files\stmf103_module_drivers_set\stm32f103_fw_module\src\bsp\ldscript\STM32F103C8TX_FLASH.ld" --specs=nosys.specs -Wl,-Map="stm32f103_fw_module.map" -Wl,--gc-sections -static --specs=nano.specs -mfloat-abi=soft -mthumb -Wl,--start-group -lc -lm -Wl,--end-group
Finished building target: stm32f103_fw_module.elf
 
arm-none-eabi-objdump -h -S  stm32f103_fw_module.elf  > "stm32f103_fw_module.list"
arm-none-eabi-objcopy  -O ihex  stm32f103_fw_module.elf  "stm32f103_fw_module.hex"
arm-none-eabi-objcopy  -O binary  stm32f103_fw_module.elf  "stm32f103_fw_module.bin"
arm-none-eabi-size   stm32f103_fw_module.elf 
   text	   data	    bss	    dec	    hex	filename
  16292	    140	   2564	  18996	   4a34	stm32f103_fw_module.elf
Finished building: default.size.stdout
 
Finished building: stm32f103_fw_module.hex
Finished building: stm32f103_fw_module.bin
 
 
Finished building: stm32f103_fw_module.list
 

03:23:37 Build Finished. 0 errors, 0 warnings. (took 6s.644ms)

